Archive member included to satisfy reference by file (symbol)

c:/nxp/mcuxpressoide_10.1.1_606/ide/tools/bin/../lib/gcc/arm-none-eabi/6.3.1/../../../../arm-none-eabi/lib/thumb/v7e-m/fpv4-sp/hard\libcr_semihost_nf.a(_cr__main.o)
                              ./startup/startup_mk64f12.o (__main)
c:/nxp/mcuxpressoide_10.1.1_606/ide/tools/bin/../lib/gcc/arm-none-eabi/6.3.1/../../../../arm-none-eabi/lib/thumb/v7e-m/fpv4-sp/hard\libcr_semihost_nf.a(_cr_assert.o)
                              ./utilities/fsl_debug_console.o (__assertion_failed)
c:/nxp/mcuxpressoide_10.1.1_606/ide/tools/bin/../lib/gcc/arm-none-eabi/6.3.1/../../../../arm-none-eabi/lib/thumb/v7e-m/fpv4-sp/hard\libcr_semihost_nf.a(__ciob.o)
                              c:/nxp/mcuxpressoide_10.1.1_606/ide/tools/bin/../lib/gcc/arm-none-eabi/6.3.1/../../../../arm-none-eabi/lib/thumb/v7e-m/fpv4-sp/hard\libcr_semihost_nf.a(_cr_assert.o) (__Ciob)
c:/nxp/mcuxpressoide_10.1.1_606/ide/tools/bin/../lib/gcc/arm-none-eabi/6.3.1/../../../../arm-none-eabi/lib/thumb/v7e-m/fpv4-sp/hard\libcr_semihost_nf.a(__sys_appexit.o)
                              c:/nxp/mcuxpressoide_10.1.1_606/ide/tools/bin/../lib/gcc/arm-none-eabi/6.3.1/../../../../arm-none-eabi/lib/thumb/v7e-m/fpv4-sp/hard\libcr_semihost_nf.a(_cr_assert.o) (__sys_appexit)
c:/nxp/mcuxpressoide_10.1.1_606/ide/tools/bin/../lib/gcc/arm-none-eabi/6.3.1/../../../../arm-none-eabi/lib/thumb/v7e-m/fpv4-sp/hard\libcr_c.a(memcpy.o)
                              ./freertos/source/queue.o (memcpy)
c:/nxp/mcuxpressoide_10.1.1_606/ide/tools/bin/../lib/gcc/arm-none-eabi/6.3.1/../../../../arm-none-eabi/lib/thumb/v7e-m/fpv4-sp/hard\libcr_c.a(memset.o)
                              ./freertos/source/tasks.o (memset)
c:/nxp/mcuxpressoide_10.1.1_606/ide/tools/bin/../lib/gcc/arm-none-eabi/6.3.1/../../../../arm-none-eabi/lib/thumb/v7e-m/fpv4-sp/hard\libcr_c.a(_deferredlazyseek.o)
                              c:/nxp/mcuxpressoide_10.1.1_606/ide/tools/bin/../lib/gcc/arm-none-eabi/6.3.1/../../../../arm-none-eabi/lib/thumb/v7e-m/fpv4-sp/hard\libcr_semihost_nf.a(_cr_assert.o) (__flsbuf)
c:/nxp/mcuxpressoide_10.1.1_606/ide/tools/bin/../lib/gcc/arm-none-eabi/6.3.1/../../../../arm-none-eabi/lib/thumb/v7e-m/fpv4-sp/hard\libcr_c.a(_fflush.o)
                              c:/nxp/mcuxpressoide_10.1.1_606/ide/tools/bin/../lib/gcc/arm-none-eabi/6.3.1/../../../../arm-none-eabi/lib/thumb/v7e-m/fpv4-sp/hard\libcr_c.a(_deferredlazyseek.o) (_fflush)
c:/nxp/mcuxpressoide_10.1.1_606/ide/tools/bin/../lib/gcc/arm-none-eabi/6.3.1/../../../../arm-none-eabi/lib/thumb/v7e-m/fpv4-sp/hard\libcr_c.a(_writebuf.o)
                              c:/nxp/mcuxpressoide_10.1.1_606/ide/tools/bin/../lib/gcc/arm-none-eabi/6.3.1/../../../../arm-none-eabi/lib/thumb/v7e-m/fpv4-sp/hard\libcr_c.a(_deferredlazyseek.o) (_Cwritebuf)
c:/nxp/mcuxpressoide_10.1.1_606/ide/tools/bin/../lib/gcc/arm-none-eabi/6.3.1/../../../../arm-none-eabi/lib/thumb/v7e-m/fpv4-sp/hard\libcr_c.a(alloc.o)
                              c:/nxp/mcuxpressoide_10.1.1_606/ide/tools/bin/../lib/gcc/arm-none-eabi/6.3.1/../../../../arm-none-eabi/lib/thumb/v7e-m/fpv4-sp/hard\libcr_c.a(_deferredlazyseek.o) (_Csys_alloc)
c:/nxp/mcuxpressoide_10.1.1_606/ide/tools/bin/../lib/gcc/arm-none-eabi/6.3.1/../../../../arm-none-eabi/lib/thumb/v7e-m/fpv4-sp/hard\libcr_c.a(fputs.o)
                              c:/nxp/mcuxpressoide_10.1.1_606/ide/tools/bin/../lib/gcc/arm-none-eabi/6.3.1/../../../../arm-none-eabi/lib/thumb/v7e-m/fpv4-sp/hard\libcr_semihost_nf.a(_cr_assert.o) (fputs)
c:/nxp/mcuxpressoide_10.1.1_606/ide/tools/bin/../lib/gcc/arm-none-eabi/6.3.1/../../../../arm-none-eabi/lib/thumb/v7e-m/fpv4-sp/hard\libcr_c.a(fseek.o)
                              c:/nxp/mcuxpressoide_10.1.1_606/ide/tools/bin/../lib/gcc/arm-none-eabi/6.3.1/../../../../arm-none-eabi/lib/thumb/v7e-m/fpv4-sp/hard\libcr_c.a(_deferredlazyseek.o) (fseek)
c:/nxp/mcuxpressoide_10.1.1_606/ide/tools/bin/../lib/gcc/arm-none-eabi/6.3.1/../../../../arm-none-eabi/lib/thumb/v7e-m/fpv4-sp/hard\libcr_c.a(ftell.o)
                              c:/nxp/mcuxpressoide_10.1.1_606/ide/tools/bin/../lib/gcc/arm-none-eabi/6.3.1/../../../../arm-none-eabi/lib/thumb/v7e-m/fpv4-sp/hard\libcr_c.a(fseek.o) (ftell)
c:/nxp/mcuxpressoide_10.1.1_606/ide/tools/bin/../lib/gcc/arm-none-eabi/6.3.1/../../../../arm-none-eabi/lib/thumb/v7e-m/fpv4-sp/hard\libcr_c.a(initio.o)
                              c:/nxp/mcuxpressoide_10.1.1_606/ide/tools/bin/../lib/gcc/arm-none-eabi/6.3.1/../../../../arm-none-eabi/lib/thumb/v7e-m/fpv4-sp/hard\libcr_semihost_nf.a(_cr__main.o) (_initio)
c:/nxp/mcuxpressoide_10.1.1_606/ide/tools/bin/../lib/gcc/arm-none-eabi/6.3.1/../../../../arm-none-eabi/lib/thumb/v7e-m/fpv4-sp/hard\libcr_c.a(printf.o)
                              ./freertos/source/tasks.o (_sprintf)
c:/nxp/mcuxpressoide_10.1.1_606/ide/tools/bin/../lib/gcc/arm-none-eabi/6.3.1/../../../../arm-none-eabi/lib/thumb/v7e-m/fpv4-sp/hard\libcr_c.a(setvbuf.o)
[...]
Memory Configuration

Name             Origin             Length             Attributes
PROGRAM_FLASH    0x00000000         0x00100000         xr
SRAM_UPPER       0x20000000         0x00030000         xrw
SRAM_LOWER       0x1fff0000         0x00010000         xrw
FLEX_RAM         0x14000000         0x00001000         xrw
*default*        0x00000000         0xffffffff

Linker script and memory map

LOAD ./utilities/fsl_assert.o
LOAD ./utilities/fsl_debug_console.o
LOAD ./utilities/fsl_io.o
LOAD ./utilities/fsl_log.o
LOAD ./utilities/fsl_str.o
LOAD ./usb/device/source/khci/usb_device_khci.o
LOAD ./usb/device/source/usb_device_ch9.o
LOAD ./usb/device/source/usb_device_dci.o
LOAD ./usb/device/class/hid/usb_device_hid.o
LOAD ./usb/device/class/usb_device_class.o
LOAD ./startup/startup_mk64f12.o
LOAD ./sources/composite.o
LOAD ./sources/hid_keyboard.o
LOAD ./sources/hid_mouse.o
LOAD ./sources/usb_device_descriptor.o
LOAD ./source/semihost_hardfault.o
LOAD ./osa/usb_osa_freertos.o
LOAD ./freertos/source/croutine.o
LOAD ./freertos/source/event_groups.o
LOAD ./freertos/source/list.o
LOAD ./freertos/source/queue.o
LOAD ./freertos/source/tasks.o
LOAD ./freertos/source/timers.o
LOAD ./freertos/portable/fsl_tickless_systick.o
LOAD ./freertos/portable/heap_4.o
LOAD ./freertos/portable/port.o
LOAD ./drivers/fsl_clock.o
LOAD ./drivers/fsl_common.o
LOAD ./drivers/fsl_flash.o
LOAD ./drivers/fsl_gpio.o
LOAD ./drivers/fsl_sim.o
LOAD ./drivers/fsl_smc.o
LOAD ./drivers/fsl_sysmpu.o
LOAD ./drivers/fsl_uart.o
LOAD ./board/board.o
LOAD ./board/clock_config.o
LOAD ./board/pin_mux.o
LOAD ./CMSIS/system_MK64F12.o
START GROUP
LOAD c:/nxp/mcuxpressoide_10.1.1_606/ide/tools/bin/../lib/gcc/arm-none-eabi/6.3.1/../../../../arm-none-eabi/lib/thumb/v7e-m/fpv4-sp/hard\libcr_semihost_nf.a
LOAD c:/nxp/mcuxpressoide_10.1.1_606/ide/tools/bin/../lib/gcc/arm-none-eabi/6.3.1/../../../../arm-none-eabi/lib/thumb/v7e-m/fpv4-sp/hard\libcr_c.a
LOAD c:/nxp/mcuxpressoide_10.1.1_606/ide/tools/bin/../lib/gcc/arm-none-eabi/6.3.1/thumb/v7e-m/fpv4-sp/hard\libcr_eabihelpers.a
END GROUP
                0x00000000                __base_PROGRAM_FLASH = 0x0
                0x00000000                __base_Flash = 0x0
                0x00100000                __top_PROGRAM_FLASH = 0x100000
                0x00100000                __top_Flash = 0x100000
                0x20000000                __base_SRAM_UPPER = 0x20000000
                0x20000000                __base_RAM = 0x20000000
                0x20030000                __top_SRAM_UPPER = 0x20030000
                0x20030000                __top_RAM = 0x20030000
                0x1fff0000                __base_SRAM_LOWER = 0x1fff0000
                0x1fff0000                __base_RAM2 = 0x1fff0000
                0x20000000                __top_SRAM_LOWER = 0x20000000
                0x20000000                __top_RAM2 = 0x20000000
                0x14000000                __base_FLEX_RAM = 0x14000000
                0x14000000                __base_RAM3 = 0x14000000
                0x14001000                __top_FLEX_RAM = 0x14001000
                0x14001000                __top_RAM3 = 0x14001000

.text           0x00000000     0xa6c8
 FILL mask 0xff
                0x00000000                __vectors_start__ = ABSOLUTE (.)
 *(.isr_vector)
 .isr_vector    0x00000000      0x198 ./startup/startup_mk64f12.o
                0x00000000                g_pfnVectors
                0x00000000                __Vectors
                0x00000198                . = ALIGN (0x4)
                0x00000198                __section_table_start = .
                0x00000198                __data_section_table = .
                0x00000198        0x4 LONG 0xa6c8 LOADADDR (.data)
                0x0000019c        0x4 LONG 0x20000000 ADDR (.data)
                0x000001a0        0x4 LONG 0x23c SIZEOF (.data)
                0x000001a4        0x4 LONG 0xa6c8 LOADADDR (.data_RAM2)
                0x000001a8        0x4 LONG 0x1fff0000 ADDR (.data_RAM2)
                0x000001ac        0x4 LONG 0x0 SIZEOF (.data_RAM2)
                0x000001b0        0x4 LONG 0xa6c8 LOADADDR (.data_RAM3)
                0x000001b4        0x4 LONG 0x14000000 ADDR (.data_RAM3)
                0x000001b8        0x4 LONG 0x0 SIZEOF (.data_RAM3)
                0x000001bc                __data_section_table_end = .
                0x000001bc                __bss_section_table = .
                0x000001bc        0x4 LONG 0x20000400 ADDR (.bss)
                0x000001c0        0x4 LONG 0x8964 SIZEOF (.bss)
                0x000001c4        0x4 LONG 0x1fff0000 ADDR (.bss_RAM2)
                0x000001c8        0x4 LONG 0x0 SIZEOF (.bss_RAM2)
                0x000001cc        0x4 LONG 0x14000000 ADDR (.bss_RAM3)
                0x000001d0        0x4 LONG 0x0 SIZEOF (.bss_RAM3)
                0x000001d4                __bss_section_table_end = .
                0x000001d4                __section_table_end = .
 *(.after_vectors*)
 .after_vectors.init_data
                0x000001d4       0x1e ./startup/startup_mk64f12.o
                0x000001d4                data_init
 .after_vectors.init_bss
                0x000001f2       0x12 ./startup/startup_mk64f12.o
                0x000001f2                bss_init
 .after_vectors.reset
                0x00000204       0x4c ./startup/startup_mk64f12.o
                0x00000204                ResetISR
 .after_vectors
                0x00000250       0x14 ./startup/startup_mk64f12.o
                0x00000250                NMI_Handler
                0x00000254                MemManage_Handler
                0x00000256                BusFault_Handler
                0x00000258                UsageFault_Handler
                0x0000025c                DebugMon_Handler
                0x00000262                LPTMR0_DriverIRQHandler
                0x00000262                DMA_Error_DriverIRQHandler
                0x00000262                SPI1_DriverIRQHandler
                0x00000262                FTM1_DriverIRQHandler
                0x00000262                FTM2_DriverIRQHandler
                0x00000262                PIT2_DriverIRQHandler
                0x00000262                SDHC_DriverIRQHandler
                0x00000262                I2S0_Tx_DriverIRQHandler
                0x00000262                RTC_Seconds_DriverIRQHandler
                0x00000262                DMA6_DriverIRQHandler
                0x00000262                LLWU_DriverIRQHandler
                0x00000262                MCM_DriverIRQHandler
                0x00000262                MCG_DriverIRQHandler
                0x00000262                ENET_1588_Timer_DriverIRQHandler
                0x00000262                I2C2_DriverIRQHandler
                0x00000262                DAC1_DriverIRQHandler
                0x00000262                DMA12_DriverIRQHandler
                0x00000262                CMP1_DriverIRQHandler
                0x00000262                FTM0_DriverIRQHandler
                0x00000262                IntDefaultHandler
                0x00000262                USB0_DriverIRQHandler
                0x00000262                UART5_ERR_DriverIRQHandler
                0x00000262                PORTC_DriverIRQHandler
                0x00000262                DMA11_DriverIRQHandler
                0x00000262                DAC0_DriverIRQHandler
                0x00000262                DMA10_DriverIRQHandler
                0x00000262                CMP2_DriverIRQHandler
                0x00000262                UART2_ERR_DriverIRQHandler
                0x00000262                SPI2_DriverIRQHandler
                0x00000262                LVD_LVW_DriverIRQHandler
                0x00000262                PIT0_DriverIRQHandler
                0x00000262                PORTB_DriverIRQHandler
                0x00000262                DMA5_DriverIRQHandler
                0x00000262                DMA4_DriverIRQHandler
                0x00000262                USBDCD_DriverIRQHandler
                0x00000262                UART3_ERR_DriverIRQHandler
                0x00000262                DMA3_DriverIRQHandler
                0x00000262                DMA8_DriverIRQHandler
                0x00000262                DMA9_DriverIRQHandler
                0x00000262                UART0_ERR_DriverIRQHandler
                0x00000262                CMT_DriverIRQHandler
                0x00000262                Reserved71_DriverIRQHandler
                0x00000262                ADC1_DriverIRQHandler
                0x00000262                PORTA_DriverIRQHandler
                0x00000262                DMA14_DriverIRQHandler
                0x00000262                PIT3_DriverIRQHandler
                0x00000262                PIT1_DriverIRQHandler
                0x00000262                WDOG_EWM_DriverIRQHandler
                0x00000262                PDB0_DriverIRQHandler
                0x00000262                RTC_DriverIRQHandler
                0x00000262                I2S0_Rx_DriverIRQHandler
                0x00000262                Read_Collision_DriverIRQHandler
                0x00000262                SWI_DriverIRQHandler
                0x00000262                UART4_ERR_DriverIRQHandler
                0x00000262                DMA0_DriverIRQHandler
                0x00000262                UART0_LON_DriverIRQHandler
                0x00000262                DMA1_DriverIRQHandler
                0x00000262                I2C1_DriverIRQHandler
                0x00000262                ENET_Receive_DriverIRQHandler
                0x00000262                DMA13_DriverIRQHandler
                0x00000262                ENET_Error_DriverIRQHandler
                0x00000262                DMA15_DriverIRQHandler
                0x00000262                SPI0_DriverIRQHandler
                0x00000262                ADC0_DriverIRQHandler
                0x00000262                CMP0_DriverIRQHandler
                0x00000262                CAN0_DriverIRQHandler
                0x00000262                FTM3_DriverIRQHandler
                0x00000262                RNG_DriverIRQHandler
                0x00000262                UART1_ERR_DriverIRQHandler
                0x00000262                DMA2_DriverIRQHandler
                0x00000262                ENET_Transmit_DriverIRQHandler
                0x00000262                PORTD_DriverIRQHandler
                0x00000262                PORTE_DriverIRQHandler
                0x00000262                FTFE_DriverIRQHandler
                0x00000262                I2C0_DriverIRQHandler
                0x00000262                DMA7_DriverIRQHandler
                0x00000400                . = 0x400
 *fill*         0x00000264      0x19c ff
                0x00000400                PROVIDE (__FLASH_CONFIG_START__, .)
 *(.FlashConfig)
 .FlashConfig   0x00000400       0x10 ./startup/startup_mk64f12.o
                0x00000400                Flash_Config
                0x00000410                PROVIDE (__FLASH_CONFIG_END__, .)
                0x00000001                ASSERT (! ((__FLASH_CONFIG_START__ == __FLASH_CONFIG_END__)), Linker Flash Config Support Enabled, but no .FlashConfig section provided within application)
 *(.text*)
 .text.DbgConsole_Init
                0x00000410       0x38 ./utilities/fsl_debug_console.o
                0x00000410                DbgConsole_Init
 .text.UART_EnableTx
                0x00000448       0x40 ./utilities/fsl_io.o
 .text.UART_EnableRx
                0x00000488       0x40 ./utilities/fsl_io.o
 .text.IO_Init  0x000004c8       0x80 ./utilities/fsl_io.o
                0x000004c8                IO_Init
 .text.LOG_Init
                0x00000548       0x30 ./utilities/fsl_log.o
                0x00000548                LOG_Init
 .text.USB_DeviceKhciEndpointTransfer
                0x00000578      0x104 ./usb/device/source/khci/usb_device_khci.o
 .text.USB_DeviceKhciPrimeNextSetup
                0x0000067c       0x66 ./usb/device/source/khci/usb_device_khci.o
 .text.USB_DeviceKhciSetDefaultState
                0x000006e2      0x158 ./usb/device/source/khci/usb_device_khci.o
 .text.USB_DeviceKhciEndpointInit
                0x0000083a      0x12c ./usb/device/source/khci/usb_device_khci.o
 .text.USB_DeviceKhciEndpointDeinit
                0x00000966       0x5c ./usb/device/source/khci/usb_device_khci.o
 .text.USB_DeviceKhciEndpointStall
                0x000009c2       0xb8 ./usb/device/source/khci/usb_device_khci.o
 .text.USB_DeviceKhciEndpointUnstall
                0x00000a7a      0x132 ./usb/device/source/khci/usb_device_khci.o
 .text.USB_DeviceKhciInterruptTokenDone
                0x00000bac      0x54e ./usb/device/source/khci/usb_device_khci.o
 .text.USB_DeviceKhciInterruptReset
                0x000010fa       0x42 ./usb/device/source/khci/usb_device_khci.o
 .text.USB_DeviceKhciInterruptStall
                0x0000113c       0x5c ./usb/device/source/khci/usb_device_khci.o
 .text.USB_DeviceKhciInit
                0x00001198       0xd4 ./usb/device/source/khci/usb_device_khci.o
                0x00001198                USB_DeviceKhciInit
 .text.USB_DeviceKhciDeinit
                0x0000126c       0x6c ./usb/device/source/khci/usb_device_khci.o
                0x0000126c                USB_DeviceKhciDeinit
 .text.USB_DeviceKhciSend
                0x000012d8      0x11c ./usb/device/source/khci/usb_device_khci.o
                0x000012d8                USB_DeviceKhciSend
 .text.USB_DeviceKhciRecv
                0x000013f4      0x160 ./usb/device/source/khci/usb_device_khci.o
                0x000013f4                USB_DeviceKhciRecv
 .text.USB_DeviceKhciCancel
                0x00001554       0x86 ./usb/device/source/khci/usb_device_khci.o
                0x00001554                USB_DeviceKhciCancel
 *fill*         0x000015da        0x2 ff
 .text.USB_DeviceKhciControl
                0x000015dc      0x2a8 ./usb/device/source/khci/usb_device_khci.o
                0x000015dc                USB_DeviceKhciControl
 .text.USB_DeviceKhciIsrFunction
                0x00001884       0x74 ./usb/device/source/khci/usb_device_khci.o
                0x00001884                USB_DeviceKhciIsrFunction
 .text.USB_DeviceCh9GetStatus
                0x000018f8       0xe8 ./usb/device/source/usb_device_ch9.o
 .text.USB_DeviceCh9SetClearFeature
                0x000019e0       0xf2 ./usb/device/source/usb_device_ch9.o
 .text.USB_DeviceCh9SetAddress
                0x00001ad2       0x9c ./usb/device/source/usb_device_ch9.o
 .text.USB_DeviceCh9GetDescriptor
                0x00001b6e      0x168 ./usb/device/source/usb_device_ch9.o
 .text.USB_DeviceCh9GetConfiguration
                0x00001cd6       0x58 ./usb/device/source/usb_device_ch9.o
 .text.USB_DeviceCh9SetConfiguration
                0x00001d2e       0x88 ./usb/device/source/usb_device_ch9.o
 .text.USB_DeviceCh9GetInterface
                0x00001db6       0x6e ./usb/device/source/usb_device_ch9.o
 .text.USB_DeviceCh9SetInterface
                0x00001e24       0x6a ./usb/device/source/usb_device_ch9.o
 .text.USB_DeviceCh9SynchFrame
                0x00001e8e       0x62 ./usb/device/source/usb_device_ch9.o
 .text.USB_DeviceControlCallbackFeedback
                0x00001ef0       0xb4 ./usb/device/source/usb_device_ch9.o
 .text.USB_DeviceControlCallback
                0x00001fa4      0x370 ./usb/device/source/usb_device_ch9.o
                0x00001fa4                USB_DeviceControlCallback
 .text.USB_DeviceControlPipeInit
                0x00002314       0x78 ./usb/device/source/usb_device_ch9.o
                0x00002314                USB_DeviceControlPipeInit
 .text.USB_DeviceAllocateHandle
                0x0000238c       0xd0 ./usb/device/source/usb_device_dci.o
 .text.USB_DeviceFreeHandle
                0x0000245c       0x32 ./usb/device/source/usb_device_dci.o
 *fill*         0x0000248e        0x2 ff
 .text.USB_DeviceGetControllerInterface
                0x00002490       0x38 ./usb/device/source/usb_device_dci.o
 .text.USB_DeviceTransfer
                0x000024c8      0x10e ./usb/device/source/usb_device_dci.o
 .text.USB_DeviceControl
                0x000025d6       0x4c ./usb/device/source/usb_device_dci.o
 .text.USB_DeviceResetNotification
                0x00002622       0x98 ./usb/device/source/usb_device_dci.o
 .text.USB_DeviceNotification
                0x000026ba       0xfe ./usb/device/source/usb_device_dci.o
 .text.USB_DeviceNotificationTrigger
                0x000027b8       0x40 ./usb/device/source/usb_device_dci.o
                0x000027b8                USB_DeviceNotificationTrigger
 .text.USB_DeviceInit
                0x000027f8      0x166 ./usb/device/source/usb_device_dci.o
                0x000027f8                USB_DeviceInit
 .text.USB_DeviceRun
                0x0000295e       0x1c ./usb/device/source/usb_device_dci.o
                0x0000295e                USB_DeviceRun
 .text.USB_DeviceDeinit
                0x0000297a       0x42 ./usb/device/source/usb_device_dci.o
                0x0000297a                USB_DeviceDeinit
 .text.USB_DeviceSendRequest
                0x000029bc       0x32 ./usb/device/source/usb_device_dci.o
                0x000029bc                USB_DeviceSendRequest
 .text.USB_DeviceRecvRequest
                0x000029ee       0x2c ./usb/device/source/usb_device_dci.o
                0x000029ee                USB_DeviceRecvRequest
 .text.USB_DeviceInitEndpoint
                0x00002a1a       0xbe ./usb/device/source/usb_device_dci.o
                0x00002a1a                USB_DeviceInitEndpoint
 .text.USB_DeviceDeinitEndpoint
                0x00002ad8       0xb0 ./usb/device/source/usb_device_dci.o
                0x00002ad8                USB_DeviceDeinitEndpoint
 .text.USB_DeviceStallEndpoint
                0x00002b88       0x30 ./usb/device/source/usb_device_dci.o
                0x00002b88                USB_DeviceStallEndpoint
 .text.USB_DeviceUnstallEndpoint
                0x00002bb8       0x30 ./usb/device/source/usb_device_dci.o
                0x00002bb8                USB_DeviceUnstallEndpoint
 .text.USB_DeviceGetStatus
                0x00002be8       0xcc ./usb/device/source/usb_device_dci.o
                0x00002be8                USB_DeviceGetStatus
 .text.USB_DeviceSetStatus
                0x00002cb4      0x108 ./usb/device/source/usb_device_dci.o
                0x00002cb4                USB_DeviceSetStatus
 .text.USB_DeviceHidAllocateHandle
                0x00002dbc       0x58 ./usb/device/class/hid/usb_device_hid.o
 .text.USB_DeviceHidFreeHandle
                0x00002e14       0x2e ./usb/device/class/hid/usb_device_hid.o
 .text.USB_DeviceHidInterruptIn
                0x00002e42       0x52 ./usb/device/class/hid/usb_device_hid.o
 .text.USB_DeviceHidInterruptOut
                0x00002e94       0x52 ./usb/device/class/hid/usb_device_hid.o
 *fill*         0x00002ee6        0x2 ff
 .text.USB_DeviceHidEndpointsInit
                0x00002ee8      0x1a8 ./usb/device/class/hid/usb_device_hid.o
 .text.USB_DeviceHidEndpointsDeinit
                0x00003090       0x5e ./usb/device/class/hid/usb_device_hid.o
 *fill*         0x000030ee        0x2 ff
 .text.USB_DeviceHidEvent
                0x000030f0      0x3b0 ./usb/device/class/hid/usb_device_hid.o
                0x000030f0                USB_DeviceHidEvent
 .text.USB_DeviceHidInit
                0x000034a0       0x76 ./usb/device/class/hid/usb_device_hid.o
                0x000034a0                USB_DeviceHidInit
 .text.USB_DeviceHidDeinit
                0x00003516       0x34 ./usb/device/class/hid/usb_device_hid.o
                0x00003516                USB_DeviceHidDeinit
 .text.USB_DeviceHidSend
                0x0000354a       0x56 ./usb/device/class/hid/usb_device_hid.o
                0x0000354a                USB_DeviceHidSend
 .text.USB_DeviceClassAllocateHandle
                0x000035a0       0xc8 ./usb/device/class/usb_device_class.o
 .text.USB_DeviceClassFreeHandle
                0x00003668       0x90 ./usb/device/class/usb_device_class.o
 .text.USB_DeviceClassGetHandleByDeviceHandle
                0x000036f8       0x64 ./usb/device/class/usb_device_class.o
 .text.USB_DeviceClassGetDeviceHandle
                0x0000375c       0x78 ./usb/device/class/usb_device_class.o
                0x0000375c                USB_DeviceClassGetDeviceHandle
 .text.USB_DeviceClassEvent
                0x000037d4       0xe0 ./usb/device/class/usb_device_class.o
                0x000037d4                USB_DeviceClassEvent
 .text.USB_DeviceClassCallback
                0x000038b4       0x62 ./usb/device/class/usb_device_class.o
                0x000038b4                USB_DeviceClassCallback
 *fill*         0x00003916        0x2 ff
 .text.USB_DeviceClassInit
                0x00003918      0x11c ./usb/device/class/usb_device_class.o
                0x00003918                USB_DeviceClassInit
 .text.DMA0_IRQHandler
                0x00003a34        0x8 ./startup/startup_mk64f12.o
                0x00003a34                DMA0_IRQHandler
 .text.DMA1_IRQHandler
                0x00003a3c        0x8 ./startup/startup_mk64f12.o
                0x00003a3c                DMA1_IRQHandler
 .text.DMA2_IRQHandler
                0x00003a44        0x8 ./startup/startup_mk64f12.o
                0x00003a44                DMA2_IRQHandler
 .text.DMA3_IRQHandler
                0x00003a4c        0x8 ./startup/startup_mk64f12.o
                0x00003a4c                DMA3_IRQHandler
 .text.DMA4_IRQHandler
                0x00003a54        0x8 ./startup/startup_mk64f12.o
                0x00003a54                DMA4_IRQHandler
 .text.DMA5_IRQHandler
                0x00003a5c        0x8 ./startup/startup_mk64f12.o
                0x00003a5c                DMA5_IRQHandler
 .text.DMA6_IRQHandler
                0x00003a64        0x8 ./startup/startup_mk64f12.o
                0x00003a64                DMA6_IRQHandler
 .text.DMA7_IRQHandler
                0x00003a6c        0x8 ./startup/startup_mk64f12.o
                0x00003a6c                DMA7_IRQHandler
 .text.DMA8_IRQHandler
                0x00003a74        0x8 ./startup/startup_mk64f12.o
                0x00003a74                DMA8_IRQHandler
 .text.DMA9_IRQHandler
                0x00003a7c        0x8 ./startup/startup_mk64f12.o
                0x00003a7c                DMA9_IRQHandler
 .text.DMA10_IRQHandler
                0x00003a84        0x8 ./startup/startup_mk64f12.o
                0x00003a84                DMA10_IRQHandler
 .text.DMA11_IRQHandler
                0x00003a8c        0x8 ./startup/startup_mk64f12.o
                0x00003a8c                DMA11_IRQHandler
 .text.DMA12_IRQHandler
                0x00003a94        0x8 ./startup/startup_mk64f12.o
                0x00003a94                DMA12_IRQHandler
 .text.DMA13_IRQHandler
                0x00003a9c        0x8 ./startup/startup_mk64f12.o
                0x00003a9c                DMA13_IRQHandler
 .text.DMA14_IRQHandler
                0x00003aa4        0x8 ./startup/startup_mk64f12.o
                0x00003aa4                DMA14_IRQHandler
 .text.DMA15_IRQHandler
                0x00003aac        0x8 ./startup/startup_mk64f12.o
                0x00003aac                DMA15_IRQHandler
 .text.DMA_Error_IRQHandler
                0x00003ab4        0x8 ./startup/startup_mk64f12.o
                0x00003ab4                DMA_Error_IRQHandler
 .text.MCM_IRQHandler
                0x00003abc        0x8 ./startup/startup_mk64f12.o
                0x00003abc                MCM_IRQHandler
 .text.FTFE_IRQHandler
                0x00003ac4        0x8 ./startup/startup_mk64f12.o
                0x00003ac4                FTFE_IRQHandler
 .text.Read_Collision_IRQHandler
                0x00003acc        0x8 ./startup/startup_mk64f12.o
                0x00003acc                Read_Collision_IRQHandler
 .text.LVD_LVW_IRQHandler
                0x00003ad4        0x8 ./startup/startup_mk64f12.o
                0x00003ad4                LVD_LVW_IRQHandler
 .text.LLWU_IRQHandler
                0x00003adc        0x8 ./startup/startup_mk64f12.o
                0x00003adc                LLWU_IRQHandler
 .text.WDOG_EWM_IRQHandler
                0x00003ae4        0x8 ./startup/startup_mk64f12.o
                0x00003ae4                WDOG_EWM_IRQHandler
 .text.RNG_IRQHandler
                0x00003aec        0x8 ./startup/startup_mk64f12.o
                0x00003aec                RNG_IRQHandler
 .text.I2C0_IRQHandler
                0x00003af4        0x8 ./startup/startup_mk64f12.o
                0x00003af4                I2C0_IRQHandler
 .text.I2C1_IRQHandler
                0x00003afc        0x8 ./startup/startup_mk64f12.o
                0x00003afc                I2C1_IRQHandler
 .text.SPI0_IRQHandler
                0x00003b04        0x8 ./startup/startup_mk64f12.o
                0x00003b04                SPI0_IRQHandler
 .text.SPI1_IRQHandler
                0x00003b0c        0x8 ./startup/startup_mk64f12.o
                0x00003b0c                SPI1_IRQHandler
 .text.I2S0_Tx_IRQHandler
                0x00003b14        0x8 ./startup/startup_mk64f12.o
                0x00003b14                I2S0_Tx_IRQHandler
 .text.I2S0_Rx_IRQHandler
                0x00003b1c        0x8 ./startup/startup_mk64f12.o
                0x00003b1c                I2S0_Rx_IRQHandler
 .text.UART0_LON_IRQHandler
                0x00003b24        0x8 ./startup/startup_mk64f12.o
                0x00003b24                UART0_LON_IRQHandler
 .text.UART0_RX_TX_IRQHandler
                0x00003b2c        0x8 ./startup/startup_mk64f12.o
                0x00003b2c                UART0_RX_TX_IRQHandler
 .text.UART0_ERR_IRQHandler
                0x00003b34        0x8 ./startup/startup_mk64f12.o
                0x00003b34                UART0_ERR_IRQHandler
 .text.UART1_RX_TX_IRQHandler
                0x00003b3c        0x8 ./startup/startup_mk64f12.o
                0x00003b3c                UART1_RX_TX_IRQHandler
 .text.UART1_ERR_IRQHandler
                0x00003b44        0x8 ./startup/startup_mk64f12.o
                0x00003b44                UART1_ERR_IRQHandler
 .text.UART2_RX_TX_IRQHandler
                0x00003b4c        0x8 ./startup/startup_mk64f12.o
                0x00003b4c                UART2_RX_TX_IRQHandler
 .text.UART2_ERR_IRQHandler
                0x00003b54        0x8 ./startup/startup_mk64f12.o
                0x00003b54                UART2_ERR_IRQHandler
 .text.UART3_RX_TX_IRQHandler
                0x00003b5c        0x8 ./startup/startup_mk64f12.o
                0x00003b5c                UART3_RX_TX_IRQHandler
 .text.UART3_ERR_IRQHandler
                0x00003b64        0x8 ./startup/startup_mk64f12.o
                0x00003b64                UART3_ERR_IRQHandler
 .text.ADC0_IRQHandler
                0x00003b6c        0x8 ./startup/startup_mk64f12.o
                0x00003b6c                ADC0_IRQHandler
 .text.CMP0_IRQHandler
                0x00003b74        0x8 ./startup/startup_mk64f12.o
                0x00003b74                CMP0_IRQHandler
 .text.CMP1_IRQHandler
                0x00003b7c        0x8 ./startup/startup_mk64f12.o
                0x00003b7c                CMP1_IRQHandler
 .text.FTM0_IRQHandler
                0x00003b84        0x8 ./startup/startup_mk64f12.o
                0x00003b84                FTM0_IRQHandler
 .text.FTM1_IRQHandler
                0x00003b8c        0x8 ./startup/startup_mk64f12.o
                0x00003b8c                FTM1_IRQHandler
 .text.FTM2_IRQHandler
                0x00003b94        0x8 ./startup/startup_mk64f12.o
                0x00003b94                FTM2_IRQHandler
 .text.CMT_IRQHandler
                0x00003b9c        0x8 ./startup/startup_mk64f12.o
                0x00003b9c                CMT_IRQHandler
 .text.RTC_IRQHandler
                0x00003ba4        0x8 ./startup/startup_mk64f12.o
                0x00003ba4                RTC_IRQHandler
 .text.RTC_Seconds_IRQHandler
                0x00003bac        0x8 ./startup/startup_mk64f12.o
                0x00003bac                RTC_Seconds_IRQHandler
 .text.PIT0_IRQHandler
                0x00003bb4        0x8 ./startup/startup_mk64f12.o
                0x00003bb4                PIT0_IRQHandler
 .text.PIT1_IRQHandler
                0x00003bbc        0x8 ./startup/startup_mk64f12.o
                0x00003bbc                PIT1_IRQHandler
 .text.PIT2_IRQHandler
                0x00003bc4        0x8 ./startup/startup_mk64f12.o
                0x00003bc4                PIT2_IRQHandler
 .text.PIT3_IRQHandler
                0x00003bcc        0x8 ./startup/startup_mk64f12.o
                0x00003bcc                PIT3_IRQHandler
 .text.PDB0_IRQHandler
                0x00003bd4        0x8 ./startup/startup_mk64f12.o
                0x00003bd4                PDB0_IRQHandler
 .text.USBDCD_IRQHandler
                0x00003bdc        0x8 ./startup/startup_mk64f12.o
                0x00003bdc                USBDCD_IRQHandler
 .text.Reserved71_IRQHandler
                0x00003be4        0x8 ./startup/startup_mk64f12.o
                0x00003be4                Reserved71_IRQHandler
 .text.DAC0_IRQHandler
                0x00003bec        0x8 ./startup/startup_mk64f12.o
                0x00003bec                DAC0_IRQHandler
 .text.MCG_IRQHandler
                0x00003bf4        0x8 ./startup/startup_mk64f12.o
                0x00003bf4                MCG_IRQHandler
 .text.LPTMR0_IRQHandler
                0x00003bfc        0x8 ./startup/startup_mk64f12.o
                0x00003bfc                LPTMR0_IRQHandler
 .text.PORTA_IRQHandler
                0x00003c04        0x8 ./startup/startup_mk64f12.o
                0x00003c04                PORTA_IRQHandler
 .text.PORTB_IRQHandler
                0x00003c0c        0x8 ./startup/startup_mk64f12.o
                0x00003c0c                PORTB_IRQHandler
 .text.PORTC_IRQHandler
                0x00003c14        0x8 ./startup/startup_mk64f12.o
                0x00003c14                PORTC_IRQHandler
 .text.PORTD_IRQHandler
                0x00003c1c        0x8 ./startup/startup_mk64f12.o
                0x00003c1c                PORTD_IRQHandler
 .text.PORTE_IRQHandler
                0x00003c24        0x8 ./startup/startup_mk64f12.o
                0x00003c24                PORTE_IRQHandler
 .text.SWI_IRQHandler
                0x00003c2c        0x8 ./startup/startup_mk64f12.o
                0x00003c2c                SWI_IRQHandler
 .text.SPI2_IRQHandler
                0x00003c34        0x8 ./startup/startup_mk64f12.o
                0x00003c34                SPI2_IRQHandler
 .text.UART4_RX_TX_IRQHandler
                0x00003c3c        0x8 ./startup/startup_mk64f12.o
                0x00003c3c                UART4_RX_TX_IRQHandler
 .text.UART4_ERR_IRQHandler
                0x00003c44        0x8 ./startup/startup_mk64f12.o
                0x00003c44                UART4_ERR_IRQHandler
 .text.UART5_RX_TX_IRQHandler
                0x00003c4c        0x8 ./startup/startup_mk64f12.o
                0x00003c4c                UART5_RX_TX_IRQHandler
 .text.UART5_ERR_IRQHandler
                0x00003c54        0x8 ./startup/startup_mk64f12.o
                0x00003c54                UART5_ERR_IRQHandler
 .text.CMP2_IRQHandler
                0x00003c5c        0x8 ./startup/startup_mk64f12.o
                0x00003c5c                CMP2_IRQHandler
 .text.FTM3_IRQHandler
                0x00003c64        0x8 ./startup/startup_mk64f12.o
                0x00003c64                FTM3_IRQHandler
 .text.DAC1_IRQHandler
                0x00003c6c        0x8 ./startup/startup_mk64f12.o
                0x00003c6c                DAC1_IRQHandler
 .text.ADC1_IRQHandler
                0x00003c74        0x8 ./startup/startup_mk64f12.o
                0x00003c74                ADC1_IRQHandler
 .text.I2C2_IRQHandler
                0x00003c7c        0x8 ./startup/startup_mk64f12.o
                0x00003c7c                I2C2_IRQHandler
 .text.CAN0_ORed_Message_buffer_IRQHandler
                0x00003c84        0x8 ./startup/startup_mk64f12.o
                0x00003c84                CAN0_ORed_Message_buffer_IRQHandler
 .text.CAN0_Bus_Off_IRQHandler
                0x00003c8c        0x8 ./startup/startup_mk64f12.o
                0x00003c8c                CAN0_Bus_Off_IRQHandler
 .text.CAN0_Error_IRQHandler
                0x00003c94        0x8 ./startup/startup_mk64f12.o
                0x00003c94                CAN0_Error_IRQHandler
 .text.CAN0_Tx_Warning_IRQHandler
                0x00003c9c        0x8 ./startup/startup_mk64f12.o
                0x00003c9c                CAN0_Tx_Warning_IRQHandler
 .text.CAN0_Rx_Warning_IRQHandler
                0x00003ca4        0x8 ./startup/startup_mk64f12.o
                0x00003ca4                CAN0_Rx_Warning_IRQHandler
 .text.CAN0_Wake_Up_IRQHandler
                0x00003cac        0x8 ./startup/startup_mk64f12.o
                0x00003cac                CAN0_Wake_Up_IRQHandler
 .text.SDHC_IRQHandler
                0x00003cb4        0x8 ./startup/startup_mk64f12.o
                0x00003cb4                SDHC_IRQHandler
 .text.ENET_1588_Timer_IRQHandler
                0x00003cbc        0x8 ./startup/startup_mk64f12.o
                0x00003cbc                ENET_1588_Timer_IRQHandler
 .text.ENET_Transmit_IRQHandler
                0x00003cc4        0x8 ./startup/startup_mk64f12.o
                0x00003cc4                ENET_Transmit_IRQHandler
 .text.ENET_Receive_IRQHandler
                0x00003ccc        0x8 ./startup/startup_mk64f12.o
                0x00003ccc                ENET_Receive_IRQHandler
 .text.ENET_Error_IRQHandler
                0x00003cd4        0x8 ./startup/startup_mk64f12.o
                0x00003cd4                ENET_Error_IRQHandler
 .text.__NVIC_EnableIRQ
                0x00003cdc       0x3c ./sources/composite.o
 .text.__NVIC_SetPriority
                0x00003d18       0x54 ./sources/composite.o
 .text.EnableIRQ
                0x00003d6c       0x2c ./sources/composite.o
 .text.SYSMPU_Enable
                0x00003d98       0x38 ./sources/composite.o
 .text.USB0_IRQHandler
                0x00003dd0       0x1c ./sources/composite.o
                0x00003dd0                USB0_IRQHandler
 .text.USB_DeviceClockInit
                0x00003dec       0x1c ./sources/composite.o
                0x00003dec                USB_DeviceClockInit
 .text.USB_DeviceIsrEnable
                0x00003e08       0x2c ./sources/composite.o
                0x00003e08                USB_DeviceIsrEnable
 .text.USB_DeviceCallback
                0x00003e34      0x218 ./sources/composite.o
 .text.USB_DeviceApplicationInit
                0x0000404c       0x94 ./sources/composite.o
 .text.APP_task
                0x000040e0        0xe ./sources/composite.o
                0x000040e0                APP_task
 *fill*         0x000040ee        0x2 ff
 .text.main     0x000040f0       0x58 ./sources/composite.o
                0x000040f0                main
 .text.USB_DeviceHidKeyboardAction
                0x00004148      0x8dc ./sources/hid_keyboard.o
 .text.USB_DeviceHidKeyboardCallback
                0x00004a24       0x70 ./sources/hid_keyboard.o
                0x00004a24                USB_DeviceHidKeyboardCallback
 .text.USB_DeviceHidKeyboardSetConfigure
                0x00004a94       0x24 ./sources/hid_keyboard.o
                0x00004a94                USB_DeviceHidKeyboardSetConfigure
 .text.USB_DeviceHidKeyboardSetInterface
                0x00004ab8       0x28 ./sources/hid_keyboard.o
                0x00004ab8                USB_DeviceHidKeyboardSetInterface
 .text.USB_DeviceHidKeyboardInit
                0x00004ae0       0x30 ./sources/hid_keyboard.o
                0x00004ae0                USB_DeviceHidKeyboardInit
 .text.USB_DeviceHidMouseAction
                0x00004b10      0x168 ./sources/hid_mouse.o
 .text.USB_DeviceHidMouseCallback
                0x00004c78       0x70 ./sources/hid_mouse.o
                0x00004c78                USB_DeviceHidMouseCallback
 .text.USB_DeviceHidMouseSetConfigure
                0x00004ce8       0x24 ./sources/hid_mouse.o
                0x00004ce8                USB_DeviceHidMouseSetConfigure
 .text.USB_DeviceHidMouseSetInterface
                0x00004d0c       0x28 ./sources/hid_mouse.o
                0x00004d0c                USB_DeviceHidMouseSetInterface
 .text.USB_DeviceHidMouseInit
                0x00004d34       0x30 ./sources/hid_mouse.o
                0x00004d34                USB_DeviceHidMouseInit
 .text.USB_DeviceGetDeviceDescriptor
                0x00004d64       0x28 ./sources/usb_device_descriptor.o
                0x00004d64                USB_DeviceGetDeviceDescriptor
 .text.USB_DeviceGetConfigurationDescriptor
                0x00004d8c       0x34 ./sources/usb_device_descriptor.o
                0x00004d8c                USB_DeviceGetConfigurationDescriptor
 .text.USB_DeviceGetStringDescriptor
                0x00004dc0       0xc0 ./sources/usb_device_descriptor.o
                0x00004dc0                USB_DeviceGetStringDescriptor
 .text.USB_DeviceGetHidDescriptor
                0x00004e80       0x18 ./sources/usb_device_descriptor.o
                0x00004e80                USB_DeviceGetHidDescriptor
 .text.USB_DeviceGetHidReportDescriptor
                0x00004e98       0x50 ./sources/usb_device_descriptor.o
                0x00004e98                USB_DeviceGetHidReportDescriptor
 .text.USB_DeviceGetHidPhysicalDescriptor
                0x00004ee8       0x18 ./sources/usb_device_descriptor.o
                0x00004ee8                USB_DeviceGetHidPhysicalDescriptor
 .text.HardFault_Handler
                0x00004f00       0x2a ./source/semihost_hardfault.o
                0x00004f00                HardFault_Handler
 .text.USB_OsaEnterCritical
                0x00004f2a       0x42 ./osa/usb_osa_freertos.o
                0x00004f2a                USB_OsaEnterCritical
 .text.USB_OsaExitCritical
                0x00004f6c       0x2e ./osa/usb_osa_freertos.o
                0x00004f6c                USB_OsaExitCritical
 .text.vListInitialise
                0x00004f9a       0x40 ./freertos/source/list.o
                0x00004f9a                vListInitialise
 .text.vListInitialiseItem
                0x00004fda       0x1a ./freertos/source/list.o
                0x00004fda                vListInitialiseItem
 .text.vListInsertEnd
                0x00004ff4       0x48 ./freertos/source/list.o
                0x00004ff4                vListInsertEnd
 .text.vListInsert
                0x0000503c       0x72 ./freertos/source/list.o
                0x0000503c                vListInsert
 .text.uxListRemove
                0x000050ae       0x54 ./freertos/source/list.o
                0x000050ae                uxListRemove
 *fill*         0x00005102        0x2 ff
 .text.xQueueGenericReset
                0x00005104       0xd0 ./freertos/source/queue.o
                0x00005104                xQueueGenericReset
 .text.xQueueGenericCreate
                0x000051d4       0x72 ./freertos/source/queue.o
                0x000051d4                xQueueGenericCreate
 .text.prvInitialiseNewQueue
                0x00005246       0x46 ./freertos/source/queue.o
 .text.xQueueGenericSend
                0x0000528c      0x1f4 ./freertos/source/queue.o
                0x0000528c                xQueueGenericSend
 .text.xQueueGenericSendFromISR
                0x00005480      0x128 ./freertos/source/queue.o
                0x00005480                xQueueGenericSendFromISR
 .text.xQueueGenericReceive
                0x000055a8      0x224 ./freertos/source/queue.o
                0x000055a8                xQueueGenericReceive
 .text.prvCopyDataToQueue
                0x000057cc       0xd4 ./freertos/source/queue.o
 .text.prvCopyDataFromQueue
                0x000058a0       0x4c ./freertos/source/queue.o
 .text.prvUnlockQueue
                0x000058ec       0xa4 ./freertos/source/queue.o
 .text.prvIsQueueEmpty
                0x00005990       0x2c ./freertos/source/queue.o
 .text.prvIsQueueFull
                0x000059bc       0x30 ./freertos/source/queue.o
 .text.vQueueAddToRegistry
                0x000059ec       0x50 ./freertos/source/queue.o
                0x000059ec                vQueueAddToRegistry
 .text.vQueueWaitForMessageRestricted
                0x00005a3c       0x68 ./freertos/source/queue.o
                0x00005a3c                vQueueWaitForMessageRestricted
 .text.xTaskCreate
                0x00005aa4       0x82 ./freertos/source/tasks.o
                0x00005aa4                xTaskCreate
 .text.prvInitialiseNewTask
                0x00005b26      0x12a ./freertos/source/tasks.o
 .text.prvAddNewTaskToReadyList
                0x00005c50       0xdc ./freertos/source/tasks.o
 .text.vTaskStartScheduler
                0x00005d2c       0x98 ./freertos/source/tasks.o
                0x00005d2c                vTaskStartScheduler
 .text.vTaskSuspendAll
                0x00005dc4       0x1c ./freertos/source/tasks.o
                0x00005dc4                vTaskSuspendAll
 .text.xTaskResumeAll
                0x00005de0      0x138 ./freertos/source/tasks.o
                0x00005de0                xTaskResumeAll
 .text.xTaskGetTickCount
                0x00005f18       0x20 ./freertos/source/tasks.o
                0x00005f18                xTaskGetTickCount
 .text.xTaskIncrementTick
                0x00005f38      0x178 ./freertos/source/tasks.o
                0x00005f38                xTaskIncrementTick
 .text.vTaskSwitchContext
                0x000060b0       0xb4 ./freertos/source/tasks.o
                0x000060b0                vTaskSwitchContext
 .text.vTaskPlaceOnEventList
                0x00006164       0x48 ./freertos/source/tasks.o
                0x00006164                vTaskPlaceOnEventList
 .text.vTaskPlaceOnEventListRestricted
                0x000061ac       0x54 ./freertos/source/tasks.o
                0x000061ac                vTaskPlaceOnEventListRestricted
 .text.xTaskRemoveFromEventList
                0x00006200       0xc4 ./freertos/source/tasks.o
                0x00006200                xTaskRemoveFromEventList
 .text.vTaskSetTimeOutState
                0x000062c4       0x48 ./freertos/source/tasks.o
                0x000062c4                vTaskSetTimeOutState
 .text.xTaskCheckForTimeOut
                0x0000630c       0xbc ./freertos/source/tasks.o
                0x0000630c                xTaskCheckForTimeOut
 .text.vTaskMissedYield
                0x000063c8       0x18 ./freertos/source/tasks.o
                0x000063c8                vTaskMissedYield
 .text.prvIdleTask
                0x000063e0       0x30 ./freertos/source/tasks.o
 .text.prvInitialiseTaskLists
                0x00006410       0x80 ./freertos/source/tasks.o
 .text.prvCheckTasksWaitingTermination
                0x00006490       0x78 ./freertos/source/tasks.o
 .text.prvDeleteTCB
                0x00006508       0x20 ./freertos/source/tasks.o
 .text.prvResetNextTaskUnblockTime
                0x00006528       0x4c ./freertos/source/tasks.o
 .text.xTaskGetSchedulerState
                0x00006574       0x3c ./freertos/source/tasks.o
                0x00006574                xTaskGetSchedulerState
 .text.vTaskPriorityInherit
                0x000065b0       0xec ./freertos/source/tasks.o
                0x000065b0                vTaskPriorityInherit
 .text.xTaskPriorityDisinherit
                0x0000669c      0x108 ./freertos/source/tasks.o
                0x0000669c                xTaskPriorityDisinherit
 .text.pvTaskIncrementMutexHeldCount
                0x000067a4       0x28 ./freertos/source/tasks.o
                0x000067a4                pvTaskIncrementMutexHeldCount
 .text.prvAddCurrentTaskToDelayedList
                0x000067cc       0xcc ./freertos/source/tasks.o
 .text.xTimerCreateTimerTask
                0x00006898       0x60 ./freertos/source/timers.o
                0x00006898                xTimerCreateTimerTask
 .text.xTimerGenericCommand
                0x000068f8       0x98 ./freertos/source/timers.o
                0x000068f8                xTimerGenericCommand
 .text.prvProcessExpiredTimer
                0x00006990       0x80 ./freertos/source/timers.o
 .text.prvTimerTask
                0x00006a10       0x24 ./freertos/source/timers.o
 .text.prvProcessTimerOrBlockTask
                0x00006a34       0x9c ./freertos/source/timers.o
 .text.prvGetNextExpireTime
                0x00006ad0       0x48 ./freertos/source/timers.o
 .text.prvSampleTimeNow
                0x00006b18       0x40 ./freertos/source/timers.o
 .text.prvInsertTimerInActiveList
                0x00006b58       0x84 ./freertos/source/timers.o
 .text.prvProcessReceivedCommands
                0x00006bdc      0x154 ./freertos/source/timers.o
 .text.prvSwitchTimerLists
                0x00006d30       0xc0 ./freertos/source/timers.o
 .text.prvCheckForValidListAndQueue
                0x00006df0       0x6c ./freertos/source/timers.o
 .text.vPortSetupTimerInterrupt
                0x00006e5c       0x40 ./freertos/portable/fsl_tickless_systick.o
                0x00006e5c                vPortSetupTimerInterrupt
 .text.pvPortMalloc
                0x00006e9c      0x184 ./freertos/portable/heap_4.o
                0x00006e9c                pvPortMalloc
 .text.vPortFree
                0x00007020       0xb0 ./freertos/portable/heap_4.o
                0x00007020                vPortFree
 .text.prvHeapInit
                0x000070d0       0xc4 ./freertos/portable/heap_4.o
 .text.prvInsertBlockIntoFreeList
                0x00007194       0xb4 ./freertos/portable/heap_4.o
 .text.pxPortInitialiseStack
                0x00007248       0x68 ./freertos/portable/port.o
                0x00007248                pxPortInitialiseStack
 .text.prvTaskExitError
                0x000072b0       0x3c ./freertos/portable/port.o
 *fill*         0x000072ec        0x4 ff
 .text.SVC_Handler
                0x000072f0       0x28 ./freertos/portable/port.o
                0x000072f0                SVC_Handler
 .text.prvPortStartFirstTask
                0x00007318       0x20 ./freertos/portable/port.o
 .text.xPortStartScheduler
                0x00007338      0x118 ./freertos/portable/port.o
                0x00007338                xPortStartScheduler
 .text.vPortEnterCritical
                0x00007450       0x5c ./freertos/portable/port.o
                0x00007450                vPortEnterCritical
 .text.vPortExitCritical
                0x000074ac       0x50 ./freertos/portable/port.o
                0x000074ac                vPortExitCritical
 *fill*         0x000074fc        0x4 ff
 .text.PendSV_Handler
                0x00007500       0x68 ./freertos/portable/port.o
                0x00007500                PendSV_Handler
 .text.SysTick_Handler
                0x00007568       0x40 ./freertos/portable/port.o
                0x00007568                SysTick_Handler
 .text.vPortEnableVFP
                0x000075a8       0x14 ./freertos/portable/port.o
 .text.vPortValidateInterruptPriority
                0x000075bc       0x7c ./freertos/portable/port.o
                0x000075bc                vPortValidateInterruptPriority
 .text.CLOCK_EnableClock
                0x00007638       0x36 ./drivers/fsl_clock.o
 .text.CLOCK_DisableClock
                0x0000766e       0x38 ./drivers/fsl_clock.o
 *fill*         0x000076a6        0x2 ff
 .text.CLOCK_SetEr32kClock
                0x000076a8       0x30 ./drivers/fsl_clock.o
 .text.CLOCK_SetPllFllSelClock
                0x000076d8       0x3c ./drivers/fsl_clock.o
 .text.OSC_SetExtRefClkConfig
                0x00007714       0x34 ./drivers/fsl_clock.o
 .text.OSC_SetCapLoad
                0x00007748       0x34 ./drivers/fsl_clock.o
 .text.CLOCK_GetMcgExtClkFreq
                0x0000777c       0x78 ./drivers/fsl_clock.o
 .text.CLOCK_GetFllExtRefClkFreq
                0x000077f4       0xcc ./drivers/fsl_clock.o
 .text.CLOCK_GetInternalRefClkSelectFreq
                0x000078c0       0x44 ./drivers/fsl_clock.o
 .text.CLOCK_GetFllRefClkFreq
                0x00007904       0x2c ./drivers/fsl_clock.o
 .text.CLOCK_GetPll0RefFreq
                0x00007930        0xe ./drivers/fsl_clock.o
 *fill*         0x0000793e        0x2 ff
 .text.CLOCK_GetOscRangeFromFreq
                0x00007940       0x3c ./drivers/fsl_clock.o
 .text.CLOCK_GetCoreSysClkFreq
                0x0000797c       0x28 ./drivers/fsl_clock.o
                0x0000797c                CLOCK_GetCoreSysClkFreq
 .text.CLOCK_SetSimConfig
                0x000079a4       0x38 ./drivers/fsl_clock.o
                0x000079a4                CLOCK_SetSimConfig
 .text.CLOCK_EnableUsbfs0Clock
                0x000079dc      0x100 ./drivers/fsl_clock.o
                0x000079dc                CLOCK_EnableUsbfs0Clock
 .text.CLOCK_GetOutClkFreq
                0x00007adc       0x64 ./drivers/fsl_clock.o
                0x00007adc                CLOCK_GetOutClkFreq
 .text.CLOCK_GetFllFreq
                0x00007b40       0x7c ./drivers/fsl_clock.o
                0x00007b40                CLOCK_GetFllFreq
 .text.CLOCK_GetPll0Freq
                0x00007bbc       0x68 ./drivers/fsl_clock.o
                0x00007bbc                CLOCK_GetPll0Freq
 .text.CLOCK_SetExternalRefClkConfig
                0x00007c24       0x6c ./drivers/fsl_clock.o
                0x00007c24                CLOCK_SetExternalRefClkConfig
 .text.CLOCK_SetInternalRefClkConfig
                0x00007c90      0x104 ./drivers/fsl_clock.o
                0x00007c90                CLOCK_SetInternalRefClkConfig
 .text.CLOCK_EnablePll0
                0x00007d94       0x84 ./drivers/fsl_clock.o
                0x00007d94                CLOCK_EnablePll0
 .text.CLOCK_InitOsc0
                0x00007e18       0x8c ./drivers/fsl_clock.o
                0x00007e18                CLOCK_InitOsc0
 .text.CLOCK_SetPbeMode
                0x00007ea4       0xa8 ./drivers/fsl_clock.o
                0x00007ea4                CLOCK_SetPbeMode
 .text.CLOCK_BootToPeeMode
                0x00007f4c       0x64 ./drivers/fsl_clock.o
                0x00007f4c                CLOCK_BootToPeeMode
 .text.CLOCK_EnableClock
                0x00007fb0       0x36 ./drivers/fsl_uart.o
 *fill*         0x00007fe6        0x2 ff
 .text.UART_GetInstance
                0x00007fe8       0x54 ./drivers/fsl_uart.o
                0x00007fe8                UART_GetInstance
 .text.UART_Init
                0x0000803c      0x2d8 ./drivers/fsl_uart.o
                0x0000803c                UART_Init
 .text.UART_GetDefaultConfig
                0x00008314       0x60 ./drivers/fsl_uart.o
                0x00008314                UART_GetDefaultConfig
 .text.UART0_DriverIRQHandler
                0x00008374       0x28 ./drivers/fsl_uart.o
                0x00008374                UART0_DriverIRQHandler
 .text.UART0_RX_TX_DriverIRQHandler
                0x0000839c       0x10 ./drivers/fsl_uart.o
                0x0000839c                UART0_RX_TX_DriverIRQHandler
 .text.UART1_DriverIRQHandler
                0x000083ac       0x28 ./drivers/fsl_uart.o
                0x000083ac                UART1_DriverIRQHandler
 .text.UART1_RX_TX_DriverIRQHandler
                0x000083d4       0x10 ./drivers/fsl_uart.o
                0x000083d4                UART1_RX_TX_DriverIRQHandler
 .text.UART2_DriverIRQHandler
                0x000083e4       0x28 ./drivers/fsl_uart.o
                0x000083e4                UART2_DriverIRQHandler
 .text.UART2_RX_TX_DriverIRQHandler
                0x0000840c       0x10 ./drivers/fsl_uart.o
                0x0000840c                UART2_RX_TX_DriverIRQHandler
 .text.UART3_DriverIRQHandler
                0x0000841c       0x28 ./drivers/fsl_uart.o
                0x0000841c                UART3_DriverIRQHandler
 .text.UART3_RX_TX_DriverIRQHandler
                0x00008444       0x10 ./drivers/fsl_uart.o
                0x00008444                UART3_RX_TX_DriverIRQHandler
 .text.UART4_DriverIRQHandler
                0x00008454       0x28 ./drivers/fsl_uart.o
                0x00008454                UART4_DriverIRQHandler
 .text.UART4_RX_TX_DriverIRQHandler
                0x0000847c       0x10 ./drivers/fsl_uart.o
                0x0000847c                UART4_RX_TX_DriverIRQHandler
 .text.UART5_DriverIRQHandler
                0x0000848c       0x28 ./drivers/fsl_uart.o
                0x0000848c                UART5_DriverIRQHandler
 .text.UART5_RX_TX_DriverIRQHandler
                0x000084b4       0x10 ./drivers/fsl_uart.o
                0x000084b4                UART5_RX_TX_DriverIRQHandler
 .text.BOARD_InitDebugConsole
                0x000084c4       0x28 ./board/board.o
                0x000084c4                BOARD_InitDebugConsole
 .text.CLOCK_SetSimSafeDivs
                0x000084ec       0x20 ./board/clock_config.o
 .text.CLOCK_SetXtal0Freq
                0x0000850c       0x20 ./board/clock_config.o
 .text.CLOCK_CONFIG_SetFllExtRefDiv
                0x0000852c       0x3c ./board/clock_config.o
 .text.BOARD_BootClockRUN
                0x00008568       0x60 ./board/clock_config.o
                0x00008568                BOARD_BootClockRUN
 .text.CLOCK_EnableClock
                0x000085c8       0x36 ./board/pin_mux.o
 .text.PORT_SetPinMux
                0x000085fe       0x3a ./board/pin_mux.o
 .text.BOARD_InitPins
                0x00008638       0x48 ./board/pin_mux.o
                0x00008638                BOARD_InitPins
 .text.SystemInit
                0x00008680       0x40 ./CMSIS/system_MK64F12.o
                0x00008680                SystemInit
 .text.SystemCoreClockUpdate
                0x000086c0      0x278 ./CMSIS/system_MK64F12.o
                0x000086c0                SystemCoreClockUpdate
 .text.__main   0x00008938        0xe c:/nxp/mcuxpressoide_10.1.1_606/ide/tools/bin/../lib/gcc/arm-none-eabi/6.3.1/../../../../arm-none-eabi/lib/thumb/v7e-m/fpv4-sp/hard\libcr_semihost_nf.a(_cr__main.o)
                0x00008938                __CR_SEMIHOST
                0x00008938                __main
 *fill*         0x00008946        0x2 ff
 .text.__assertion_failed
                0x00008948       0x4c c:/nxp/mcuxpressoide_10.1.1_606/ide/tools/bin/../lib/gcc/arm-none-eabi/6.3.1/../../../../arm-none-eabi/lib/thumb/v7e-m/fpv4-sp/hard\libcr_semihost_nf.a(_cr_assert.o)
                0x00008948                __assertion_failed
 .text.__sys_appexit
                0x00008994        0xc c:/nxp/mcuxpressoide_10.1.1_606/ide/tools/bin/../lib/gcc/arm-none-eabi/6.3.1/../../../../arm-none-eabi/lib/thumb/v7e-m/fpv4-sp/hard\libcr_semihost_nf.a(__sys_appexit.o)
                0x00008994                __sys_appexit
                0x00008994                __exit
 .text.memcpy   0x000089a0        0x4 c:/nxp/mcuxpressoide_10.1.1_606/ide/tools/bin/../lib/gcc/arm-none-eabi/6.3.1/../../../../arm-none-eabi/lib/thumb/v7e-m/fpv4-sp/hard\libcr_c.a(memcpy.o)
                0x000089a0                memcpy
 .text.memset   0x000089a4        0x4 c:/nxp/mcuxpressoide_10.1.1_606/ide/tools/bin/../lib/gcc/arm-none-eabi/6.3.1/../../../../arm-none-eabi/lib/thumb/v7e-m/fpv4-sp/hard\libcr_c.a(memset.o)
                0x000089a4                memset
 .text._deferredlazyseek
                0x000089a8       0x40 c:/nxp/mcuxpressoide_10.1.1_606/ide/tools/bin/../lib/gcc/arm-none-eabi/6.3.1/../../../../arm-none-eabi/lib/thumb/v7e-m/fpv4-sp/hard\libcr_c.a(_deferredlazyseek.o)
                0x000089a8                _deferredlazyseek
 .text.__flsbuf
                0x000089e8      0x148 c:/nxp/mcuxpressoide_10.1.1_606/ide/tools/bin/../lib/gcc/arm-none-eabi/6.3.1/../../../../arm-none-eabi/lib/thumb/v7e-m/fpv4-sp/hard\libcr_c.a(_deferredlazyseek.o)
                0x000089e8                __flsbuf
 .text._fflush  0x00008b30       0x54 c:/nxp/mcuxpressoide_10.1.1_606/ide/tools/bin/../lib/gcc/arm-none-eabi/6.3.1/../../../../arm-none-eabi/lib/thumb/v7e-m/fpv4-sp/hard\libcr_c.a(_fflush.o)
                0x00008b30                _fflush
 .text._Cwritebuf
                0x00008b84       0x6c c:/nxp/mcuxpressoide_10.1.1_606/ide/tools/bin/../lib/gcc/arm-none-eabi/6.3.1/../../../../arm-none-eabi/lib/thumb/v7e-m/fpv4-sp/hard\libcr_c.a(_writebuf.o)
                0x00008b84                _Cwritebuf
 .text.malloc   0x00008bf0       0xc4 c:/nxp/mcuxpressoide_10.1.1_606/ide/tools/bin/../lib/gcc/arm-none-eabi/6.3.1/../../../../arm-none-eabi/lib/thumb/v7e-m/fpv4-sp/hard\libcr_c.a(alloc.o)
                0x00008bf0                malloc
 .text.free     0x00008cb4       0x30 c:/nxp/mcuxpressoide_10.1.1_606/ide/tools/bin/../lib/gcc/arm-none-eabi/6.3.1/../../../../arm-none-eabi/lib/thumb/v7e-m/fpv4-sp/hard\libcr_c.a(alloc.o)
                0x00008cb4                free
 .text._Csys_alloc
                0x00008ce4       0x20 c:/nxp/mcuxpressoide_10.1.1_606/ide/tools/bin/../lib/gcc/arm-none-eabi/6.3.1/../../../../arm-none-eabi/lib/thumb/v7e-m/fpv4-sp/hard\libcr_c.a(alloc.o)
                0x00008ce4                _Csys_alloc
 .text.fputs    0x00008d04       0x2c c:/nxp/mcuxpressoide_10.1.1_606/ide/tools/bin/../lib/gcc/arm-none-eabi/6.3.1/../../../../arm-none-eabi/lib/thumb/v7e-m/fpv4-sp/hard\libcr_c.a(fputs.o)
                0x00008d04                fputs
 .text.fseek    0x00008d30      0x100 c:/nxp/mcuxpressoide_10.1.1_606/ide/tools/bin/../lib/gcc/arm-none-eabi/6.3.1/../../../../arm-none-eabi/lib/thumb/v7e-m/fpv4-sp/hard\libcr_c.a(fseek.o)
                0x00008d30                fseek
 .text.ftell    0x00008e30       0x48 c:/nxp/mcuxpressoide_10.1.1_606/ide/tools/bin/../lib/gcc/arm-none-eabi/6.3.1/../../../../arm-none-eabi/lib/thumb/v7e-m/fpv4-sp/hard\libcr_c.a(ftell.o)
                0x00008e30                ftell
 .text._initio  0x00008e78       0x78 c:/nxp/mcuxpressoide_10.1.1_606/ide/tools/bin/../lib/gcc/arm-none-eabi/6.3.1/../../../../arm-none-eabi/lib/thumb/v7e-m/fpv4-sp/hard\libcr_c.a(initio.o)
                0x00008e78                _initio
 .text.no_fp_display
                0x00008ef0        0x4 c:/nxp/mcuxpressoide_10.1.1_606/ide/tools/bin/../lib/gcc/arm-none-eabi/6.3.1/../../../../arm-none-eabi/lib/thumb/v7e-m/fpv4-sp/hard\libcr_c.a(printf.o)
 .text.__vfprintf
                0x00008ef4      0xb7c c:/nxp/mcuxpressoide_10.1.1_606/ide/tools/bin/../lib/gcc/arm-none-eabi/6.3.1/../../../../arm-none-eabi/lib/thumb/v7e-m/fpv4-sp/hard\libcr_c.a(printf.o)
                0x00008ef4                __vfprintf
 .text._vsnprintf
                0x00009a70       0x5c c:/nxp/mcuxpressoide_10.1.1_606/ide/tools/bin/../lib/gcc/arm-none-eabi/6.3.1/../../../../arm-none-eabi/lib/thumb/v7e-m/fpv4-sp/hard\libcr_c.a(printf.o)
                0x00009a70                _vsnprintf
 .text._printf  0x00009acc       0x54 c:/nxp/mcuxpressoide_10.1.1_606/ide/tools/bin/../lib/gcc/arm-none-eabi/6.3.1/../../../../arm-none-eabi/lib/thumb/v7e-m/fpv4-sp/hard\libcr_c.a(printf.o)
                0x00009acc                _printf
 .text.setvbuf  0x00009b20       0x40 c:/nxp/mcuxpressoide_10.1.1_606/ide/tools/bin/../lib/gcc/arm-none-eabi/6.3.1/../../../../arm-none-eabi/lib/thumb/v7e-m/fpv4-sp/hard\libcr_c.a(setvbuf.o)
                0x00009b20                setvbuf
 .text.strlen   0x00009b60       0x4a c:/nxp/mcuxpressoide_10.1.1_606/ide/tools/bin/../lib/gcc/arm-none-eabi/6.3.1/../../../../arm-none-eabi/lib/thumb/v7e-m/fpv4-sp/hard\libcr_c.a(strlen.o)
                0x00009b60                strlen
 *fill*         0x00009baa        0x2 ff
 .text._sbrk    0x00009bac       0x3c c:/nxp/mcuxpressoide_10.1.1_606/ide/tools/bin/../lib/gcc/arm-none-eabi/6.3.1/../../../../arm-none-eabi/lib/thumb/v7e-m/fpv4-sp/hard\libcr_c.a(_cr_sbrk.o)
                0x00009bac                _sbrk
 .text._fdopen  0x00009be8       0x68 c:/nxp/mcuxpressoide_10.1.1_606/ide/tools/bin/../lib/gcc/arm-none-eabi/6.3.1/../../../../arm-none-eabi/lib/thumb/v7e-m/fpv4-sp/hard\libcr_c.a(_fdopen.o)
                0x00009be8                _fdopen
 .text.fclose   0x00009c50       0x58 c:/nxp/mcuxpressoide_10.1.1_606/ide/tools/bin/../lib/gcc/arm-none-eabi/6.3.1/../../../../arm-none-eabi/lib/thumb/v7e-m/fpv4-sp/hard\libcr_c.a(fclose.o)
                0x00009c50                fclose
 .text.fflush   0x00009ca8       0x44 c:/nxp/mcuxpressoide_10.1.1_606/ide/tools/bin/../lib/gcc/arm-none-eabi/6.3.1/../../../../arm-none-eabi/lib/thumb/v7e-m/fpv4-sp/hard\libcr_c.a(fflush.o)
                0x00009ca8                fflush
 .text.remove   0x00009cec       0x14 c:/nxp/mcuxpressoide_10.1.1_606/ide/tools/bin/../lib/gcc/arm-none-eabi/6.3.1/../../../../arm-none-eabi/lib/thumb/v7e-m/fpv4-sp/hard\libcr_c.a(remove.o)
                0x00009cec                remove
 .text.__check_heap_overflow
                0x00009d00       0x18 c:/nxp/mcuxpressoide_10.1.1_606/ide/tools/bin/../lib/gcc/arm-none-eabi/6.3.1/../../../../arm-none-eabi/lib/thumb/v7e-m/fpv4-sp/hard\libcr_c.a(_cr_check_heap.o)
                0x00009d00                __check_heap_overflow
 .text._do_fflush
                0x00009d18       0x40 c:/nxp/mcuxpressoide_10.1.1_606/ide/tools/bin/../lib/gcc/arm-none-eabi/6.3.1/../../../../arm-none-eabi/lib/thumb/v7e-m/fpv4-sp/hard\libcr_c.a(_do_fflush.o)
                0x00009d18                _do_fflush
 .text.__aeabi_memcpy
                0x00009d58       0x34 c:/nxp/mcuxpressoide_10.1.1_606/ide/tools/bin/../lib/gcc/arm-none-eabi/6.3.1/thumb/v7e-m/fpv4-sp/hard\libcr_eabihelpers.a(memcpy.o)
                0x00009d58                __aeabi_memcpy
                0x00009d62                __aeabi_memcpy8
                0x00009d62                __aeabi_memcpy4
 .text.__aeabi_memset_lowlevel
                0x00009d8c       0x32 c:/nxp/mcuxpressoide_10.1.1_606/ide/tools/bin/../lib/gcc/arm-none-eabi/6.3.1/thumb/v7e-m/fpv4-sp/hard\libcr_eabihelpers.a(memcpy.o)
                0x00009d8c                __aeabi_lowlevel_memset
 .text.__sys_close
                0x00009dbe        0xc c:/nxp/mcuxpressoide_10.1.1_606/ide/tools/bin/../lib/gcc/arm-none-eabi/6.3.1/../../../../arm-none-eabi/lib/thumb/v7e-m/fpv4-sp/hard\libcr_semihost_nf.a(__sys_close.o)
                0x00009dbe                __sys_close
 .text.__sys_flen
                0x00009dca        0xc c:/nxp/mcuxpressoide_10.1.1_606/ide/tools/bin/../lib/gcc/arm-none-eabi/6.3.1/../../../../arm-none-eabi/lib/thumb/v7e-m/fpv4-sp/hard\libcr_semihost_nf.a(__sys_flen.o)
                0x00009dca                __sys_flen
 .text.__sys_istty
                0x00009dd6        0xc c:/nxp/mcuxpressoide_10.1.1_606/ide/tools/bin/../lib/gcc/arm-none-eabi/6.3.1/../../../../arm-none-eabi/lib/thumb/v7e-m/fpv4-sp/hard\libcr_semihost_nf.a(__sys_istty.o)
                0x00009dd6                __sys_istty
 .text.__sys_remove
                0x00009de2        0xc c:/nxp/mcuxpressoide_10.1.1_606/ide/tools/bin/../lib/gcc/arm-none-eabi/6.3.1/../../../../arm-none-eabi/lib/thumb/v7e-m/fpv4-sp/hard\libcr_semihost_nf.a(__sys_remove.o)
                0x00009de2                __sys_remove
 .text.__sys_seek
                0x00009dee        0xc c:/nxp/mcuxpressoide_10.1.1_606/ide/tools/bin/../lib/gcc/arm-none-eabi/6.3.1/../../../../arm-none-eabi/lib/thumb/v7e-m/fpv4-sp/hard\libcr_semihost_nf.a(__sys_seek.o)
                0x00009dee                __sys_seek
 .text.__sys_tmpnam
                0x00009dfa        0xc c:/nxp/mcuxpressoide_10.1.1_606/ide/tools/bin/../lib/gcc/arm-none-eabi/6.3.1/../../../../arm-none-eabi/lib/thumb/v7e-m/fpv4-sp/hard\libcr_semihost_nf.a(__sys_tmpnam.o)
                0x00009dfa                __sys_tmpnam
 .text.__sys_write
                0x00009e06        0xc c:/nxp/mcuxpressoide_10.1.1_606/ide/tools/bin/../lib/gcc/arm-none-eabi/6.3.1/../../../../arm-none-eabi/lib/thumb/v7e-m/fpv4-sp/hard\libcr_semihost_nf.a(__sys_write.o)
                0x00009e06                __sys_write
 *(.rodata .rodata.* .constdata .constdata.*)
 *fill*         0x00009e12        0x2 ff
 .rodata        0x00009e14       0x50 ./utilities/fsl_debug_console.o
 .rodata        0x00009e64       0x27 ./utilities/fsl_io.o
 *fill*         0x00009e8b        0x1 ff
 .rodata.s_UsbDeviceStandardRequest
                0x00009e8c       0x34 ./usb/device/source/usb_device_ch9.o
 .rodata.s_UsbDeviceKhciInterface
                0x00009ec0       0x18 ./usb/device/source/usb_device_dci.o
 .rodata.s_UsbDeviceClassInterfaceMap
                0x00009ed8       0x20 ./usb/device/class/usb_device_class.o
 .rodata        0x00009ef8       0x6a ./sources/composite.o
 *fill*         0x00009f62        0x2 ff
 .rodata        0x00009f64       0x28 ./freertos/source/tasks.o
                0x00009f7c                FreeRTOSDebugConfig
 .rodata        0x00009f8c        0xd ./freertos/source/timers.o
 *fill*         0x00009f99        0x3 ff
 .rodata        0x00009f9c      0x149 ./drivers/fsl_clock.o
 *fill*         0x0000a0e5        0x3 ff
 .rodata.fllFactorTable.7491
                0x0000a0e8       0x10 ./drivers/fsl_clock.o
 .rodata.s_uartBases
                0x0000a0f8       0x18 ./drivers/fsl_uart.o
 .rodata.s_uartClock
                0x0000a110       0x18 ./drivers/fsl_uart.o
 .rodata        0x0000a128      0x513 ./drivers/fsl_uart.o
 *fill*         0x0000a63b        0x1 ff
 .rodata.mcgConfig_BOARD_BootClockRUN
                0x0000a63c        0xb ./board/clock_config.o
                0x0000a63c                mcgConfig_BOARD_BootClockRUN
 *fill*         0x0000a647        0x1 ff
 .rodata.simConfig_BOARD_BootClockRUN
                0x0000a648        0x8 ./board/clock_config.o
                0x0000a648                simConfig_BOARD_BootClockRUN
 .rodata.oscConfig_BOARD_BootClockRUN
                0x0000a650        0x8 ./board/clock_config.o
                0x0000a650                oscConfig_BOARD_BootClockRUN
 .rodata.__assertion_failed.str1.1
                0x0000a658       0x15 c:/nxp/mcuxpressoide_10.1.1_606/ide/tools/bin/../lib/gcc/arm-none-eabi/6.3.1/../../../../arm-none-eabi/lib/thumb/v7e-m/fpv4-sp/hard\libcr_semihost_nf.a(_cr_assert.o)
 *fill*         0x0000a66d        0x3 ff
 .rodata.__num_Ciob_streams
                0x0000a670        0x4 c:/nxp/mcuxpressoide_10.1.1_606/ide/tools/bin/../lib/gcc/arm-none-eabi/6.3.1/../../../../arm-none-eabi/lib/thumb/v7e-m/fpv4-sp/hard\libcr_semihost_nf.a(__ciob.o)
                0x0000a670                __num_Ciob_streams
 .rodata._Csys_alloc.str1.1
                0x0000a674       0x18 c:/nxp/mcuxpressoide_10.1.1_606/ide/tools/bin/../lib/gcc/arm-none-eabi/6.3.1/../../../../arm-none-eabi/lib/thumb/v7e-m/fpv4-sp/hard\libcr_c.a(alloc.o)
 .rodata._initio.str1.1
                0x0000a68c        0x4 c:/nxp/mcuxpressoide_10.1.1_606/ide/tools/bin/../lib/gcc/arm-none-eabi/6.3.1/../../../../arm-none-eabi/lib/thumb/v7e-m/fpv4-sp/hard\libcr_c.a(initio.o)
 .rodata.__vfprintf.str1.1
                0x0000a690       0x35 c:/nxp/mcuxpressoide_10.1.1_606/ide/tools/bin/../lib/gcc/arm-none-eabi/6.3.1/../../../../arm-none-eabi/lib/thumb/v7e-m/fpv4-sp/hard\libcr_c.a(printf.o)
                                 0x38 (size before relaxing)
                0x0000a6c8                . = ALIGN (0x4)
 *fill*         0x0000a6c5        0x3 ff

.glue_7         0x0000a6c8        0x0
 .glue_7        0x0000a6c8        0x0 linker stubs

.glue_7t        0x0000a6c8        0x0
 .glue_7t       0x0000a6c8        0x0 linker stubs

.vfp11_veneer   0x0000a6c8        0x0
 .vfp11_veneer  0x0000a6c8        0x0 linker stubs

.v4_bx          0x0000a6c8        0x0
 .v4_bx         0x0000a6c8        0x0 linker stubs

.iplt           0x0000a6c8        0x0
 .iplt          0x0000a6c8        0x0 ./utilities/fsl_assert.o

.rel.dyn        0x0000a6c8        0x0
 .rel.iplt      0x0000a6c8        0x0 ./utilities/fsl_assert.o

.ARM.extab
 *(.ARM.extab* .gnu.linkonce.armextab.*)
                0x0000a6c8                __exidx_start = .

.ARM.exidx
 *(.ARM.exidx* .gnu.linkonce.armexidx.*)
                0x0000a6c8                __exidx_end = .
                0x0000a6c8                _etext = .

.m_usb_data
 *(m_usb_bdt)

.data_RAM2      0x1fff0000        0x0 load address 0x0000a6c8
 FILL mask 0xff
                [!provide]                PROVIDE (__start_data_RAM2, .)
 *(.ramfunc.$RAM2)
 *(.ramfunc.$SRAM_LOWER)
 *(.data.$RAM2*)
 *(.data.$SRAM_LOWER*)
                0x1fff0000                . = ALIGN (0x4)
                [!provide]                PROVIDE (__end_data_RAM2, .)

.data_RAM3      0x14000000        0x0 load address 0x0000a6c8
 FILL mask 0xff
                [!provide]                PROVIDE (__start_data_RAM3, .)
 *(.ramfunc.$RAM3)
 *(.ramfunc.$FLEX_RAM)
 *(.data.$RAM3*)
 *(.data.$FLEX_RAM*)
                0x14000000                . = ALIGN (0x4)
                [!provide]                PROVIDE (__end_data_RAM3, .)

.uninit_RESERVED
                0x20000000        0x0
 *(.bss.$RESERVED*)
                0x20000000                . = ALIGN (0x4)
                0x20000000                _end_uninit_RESERVED = .

.data           0x20000000      0x23c load address 0x0000a6c8
 FILL mask 0xff
                0x20000000                _data = .
 *(vtable)
 *(.ramfunc*)
 *(.data*)
 .data.g_CompositeClassConfig
                0x20000000       0x18 ./sources/composite.o
                0x20000000                g_CompositeClassConfig
 .data.g_UsbDeviceCompositeConfigList
                0x20000018        0xc ./sources/composite.o
                0x20000018                g_UsbDeviceCompositeConfigList
 .data.dir.8717
                0x20000024        0x1 ./sources/hid_keyboard.o
 *fill*         0x20000025        0x3 ff
 .data.g_UsbDeviceHidKeyboardEndpoints
                0x20000028        0x4 ./sources/usb_device_descriptor.o
                0x20000028                g_UsbDeviceHidKeyboardEndpoints
 .data.g_UsbDeviceHidKeyboardInterface
                0x2000002c       0x10 ./sources/usb_device_descriptor.o
                0x2000002c                g_UsbDeviceHidKeyboardInterface
 .data.g_UsbDeviceHidKeyboardInterfaces
                0x2000003c        0xc ./sources/usb_device_descriptor.o
                0x2000003c                g_UsbDeviceHidKeyboardInterfaces
 .data.g_UsbDeviceHidKeyboardInterfaceList
                0x20000048        0x8 ./sources/usb_device_descriptor.o
                0x20000048                g_UsbDeviceHidKeyboardInterfaceList
 .data.g_UsbDeviceHidKeyboardConfig
                0x20000050        0x8 ./sources/usb_device_descriptor.o
                0x20000050                g_UsbDeviceHidKeyboardConfig
 .data.g_UsbDeviceHidMouseEndpoints
                0x20000058        0x4 ./sources/usb_device_descriptor.o
                0x20000058                g_UsbDeviceHidMouseEndpoints
 .data.g_UsbDeviceHidMouseInterface
                0x2000005c       0x10 ./sources/usb_device_descriptor.o
                0x2000005c                g_UsbDeviceHidMouseInterface
 .data.g_UsbDeviceHidMouseInterfaces
                0x2000006c        0xc ./sources/usb_device_descriptor.o
                0x2000006c                g_UsbDeviceHidMouseInterfaces
 .data.g_UsbDeviceHidMouseInterfaceList
                0x20000078        0x8 ./sources/usb_device_descriptor.o
                0x20000078                g_UsbDeviceHidMouseInterfaceList
 .data.g_UsbDeviceHidMouseConfig
                0x20000080        0x8 ./sources/usb_device_descriptor.o
                0x20000080                g_UsbDeviceHidMouseConfig
 .data.g_UsbDeviceHidMouseReportDescriptor
                0x20000088       0x34 ./sources/usb_device_descriptor.o
                0x20000088                g_UsbDeviceHidMouseReportDescriptor
 .data.g_UsbDeviceHidKeyboardReportDescriptor
                0x200000bc       0x3f ./sources/usb_device_descriptor.o
                0x200000bc                g_UsbDeviceHidKeyboardReportDescriptor
 *fill*         0x200000fb        0x1 ff
 .data.g_UsbDeviceDescriptor
                0x200000fc       0x12 ./sources/usb_device_descriptor.o
                0x200000fc                g_UsbDeviceDescriptor
 *fill*         0x2000010e        0x2 ff
 .data.g_UsbDeviceConfigurationDescriptor
                0x20000110       0x3b ./sources/usb_device_descriptor.o
                0x20000110                g_UsbDeviceConfigurationDescriptor
 *fill*         0x2000014b        0x1 ff
 .data.g_UsbDeviceString0
                0x2000014c        0x4 ./sources/usb_device_descriptor.o
                0x2000014c                g_UsbDeviceString0
 .data.g_UsbDeviceString1
                0x20000150       0x26 ./sources/usb_device_descriptor.o
                0x20000150                g_UsbDeviceString1
 *fill*         0x20000176        0x2 ff
 .data.g_UsbDeviceString2
                0x20000178       0x22 ./sources/usb_device_descriptor.o
                0x20000178                g_UsbDeviceString2
 *fill*         0x2000019a        0x2 ff
 .data.g_UsbDeviceString3
                0x2000019c       0x22 ./sources/usb_device_descriptor.o
                0x2000019c                g_UsbDeviceString3
 *fill*         0x200001be        0x2 ff
 .data.g_UsbDeviceString4
                0x200001c0       0x28 ./sources/usb_device_descriptor.o
                0x200001c0                g_UsbDeviceString4
 .data.g_UsbDeviceStringDescriptorLength
                0x200001e8       0x14 ./sources/usb_device_descriptor.o
                0x200001e8                g_UsbDeviceStringDescriptorLength
 .data.g_UsbDeviceStringDescriptorArray
                0x200001fc       0x14 ./sources/usb_device_descriptor.o
                0x200001fc                g_UsbDeviceStringDescriptorArray
 .data.g_UsbDeviceLanguage
                0x20000210        0xc ./sources/usb_device_descriptor.o
                0x20000210                g_UsbDeviceLanguage
 .data.g_UsbDeviceLanguageList
                0x2000021c       0x10 ./sources/usb_device_descriptor.o
                0x2000021c                g_UsbDeviceLanguageList
 .data.uxCriticalNesting
                0x2000022c        0x4 ./freertos/portable/port.o
 .data.s_slowIrcFreq
                0x20000230        0x4 ./drivers/fsl_clock.o
 .data.s_fastIrcFreq
                0x20000234        0x4 ./drivers/fsl_clock.o
 .data.SystemCoreClock
                0x20000238        0x4 ./CMSIS/system_MK64F12.o
                0x20000238                SystemCoreClock
                0x2000023c                . = ALIGN (0x4)
                0x2000023c                _edata = .

.igot.plt       0x2000023c        0x0 load address 0x0000a904
 .igot.plt      0x2000023c        0x0 ./utilities/fsl_assert.o

.bss_RAM2       0x1fff0000        0x0
                [!provide]                PROVIDE (__start_bss_RAM2, .)
 *(.bss.$RAM2*)
 *(.bss.$SRAM_LOWER*)
                0x1fff0000                . = ALIGN ((. != 0x0)?0x4:0x1)
                [!provide]                PROVIDE (__end_bss_RAM2, .)

.bss_RAM3       0x14000000        0x0
                [!provide]                PROVIDE (__start_bss_RAM3, .)
 *(.bss.$RAM3*)
 *(.bss.$FLEX_RAM*)
                0x14000000                . = ALIGN ((. != 0x0)?0x4:0x1)
                [!provide]                PROVIDE (__end_bss_RAM3, .)

.bss            0x20000400     0x8964
                0x20000400                _bss = .
 *(.bss*)
 .bss.s_debugConsoleIO
                0x20000400        0x8 ./utilities/fsl_io.o
 *fill*         0x20000408      0x1f8 
 .bss.m_usb_bdt
                0x20000600      0x200 ./usb/device/source/khci/usb_device_khci.o
 .bss.m_usb_global
                0x20000800       0xe4 ./usb/device/source/khci/usb_device_khci.o
 .bss.m_usb_global
                0x200008e4       0x70 ./usb/device/source/usb_device_dci.o
 .bss.m_usb_global
                0x20000954       0x28 ./usb/device/class/hid/usb_device_hid.o
 .bss.m_usb_global
                0x2000097c       0x18 ./usb/device/class/usb_device_class.o
 .bss.g_UsbDeviceComposite
                0x20000994       0x1c ./sources/composite.o
                0x20000994                g_UsbDeviceComposite
 .bss.s_KeyboardBuffer
                0x200009b0        0x8 ./sources/hid_keyboard.o
 .bss.s_UsbDeviceComposite
                0x200009b8        0x4 ./sources/hid_keyboard.o
 .bss.s_UsbDeviceHidKeyboard
                0x200009bc        0x8 ./sources/hid_keyboard.o
 .bss.x.8672    0x200009c4        0x4 ./sources/hid_keyboard.o
 .bss.s_MouseBuffer
                0x200009c8        0x4 ./sources/hid_mouse.o
 .bss.s_UsbDeviceComposite
                0x200009cc        0x4 ./sources/hid_mouse.o
 .bss.s_UsbDeviceHidMouse
                0x200009d0        0x8 ./sources/hid_mouse.o
 .bss.dir.8679  0x200009d8        0x1 ./sources/hid_mouse.o
 .bss.x.8672    0x200009d9        0x1 ./sources/hid_mouse.o
 .bss.y.8673    0x200009da        0x1 ./sources/hid_mouse.o
 *fill*         0x200009db        0x1 
 .bss.xQueueRegistry
                0x200009dc       0x40 ./freertos/source/queue.o
                0x200009dc                xQueueRegistry
 .bss.pxCurrentTCB
                0x20000a1c        0x4 ./freertos/source/tasks.o
                0x20000a1c                pxCurrentTCB
 .bss.pxReadyTasksLists
                0x20000a20      0x168 ./freertos/source/tasks.o
 .bss.xDelayedTaskList1
                0x20000b88       0x14 ./freertos/source/tasks.o
 .bss.xDelayedTaskList2
                0x20000b9c       0x14 ./freertos/source/tasks.o
 .bss.pxDelayedTaskList
                0x20000bb0        0x4 ./freertos/source/tasks.o
 .bss.pxOverflowDelayedTaskList
                0x20000bb4        0x4 ./freertos/source/tasks.o
 .bss.xPendingReadyList
                0x20000bb8       0x14 ./freertos/source/tasks.o
 .bss.xTasksWaitingTermination
                0x20000bcc       0x14 ./freertos/source/tasks.o
 .bss.uxDeletedTasksWaitingCleanUp
                0x20000be0        0x4 ./freertos/source/tasks.o
 .bss.xSuspendedTaskList
                0x20000be4       0x14 ./freertos/source/tasks.o
 .bss.uxCurrentNumberOfTasks
                0x20000bf8        0x4 ./freertos/source/tasks.o
 .bss.xTickCount
                0x20000bfc        0x4 ./freertos/source/tasks.o
 .bss.uxTopReadyPriority
                0x20000c00        0x4 ./freertos/source/tasks.o
 .bss.xSchedulerRunning
                0x20000c04        0x4 ./freertos/source/tasks.o
 .bss.uxPendedTicks
                0x20000c08        0x4 ./freertos/source/tasks.o
 .bss.xYieldPending
                0x20000c0c        0x4 ./freertos/source/tasks.o
 .bss.xNumOfOverflows
                0x20000c10        0x4 ./freertos/source/tasks.o
 .bss.uxTaskNumber
                0x20000c14        0x4 ./freertos/source/tasks.o
 .bss.xNextTaskUnblockTime
                0x20000c18        0x4 ./freertos/source/tasks.o
 .bss.xIdleTaskHandle
                0x20000c1c        0x4 ./freertos/source/tasks.o
 .bss.uxSchedulerSuspended
                0x20000c20        0x4 ./freertos/source/tasks.o
 .bss.xActiveTimerList1
                0x20000c24       0x14 ./freertos/source/timers.o
 .bss.xActiveTimerList2
                0x20000c38       0x14 ./freertos/source/timers.o
 .bss.pxCurrentTimerList
                0x20000c4c        0x4 ./freertos/source/timers.o
 .bss.pxOverflowTimerList
                0x20000c50        0x4 ./freertos/source/timers.o
 .bss.xTimerQueue
                0x20000c54        0x4 ./freertos/source/timers.o
 .bss.xTimerTaskHandle
                0x20000c58        0x4 ./freertos/source/timers.o
 .bss.xLastTime.5687
                0x20000c5c        0x4 ./freertos/source/timers.o
 .bss.ucHeap    0x20000c60     0x8000 ./freertos/portable/heap_4.o
 .bss.xStart    0x20008c60        0x8 ./freertos/portable/heap_4.o
 .bss.pxEnd     0x20008c68        0x4 ./freertos/portable/heap_4.o
 .bss.xFreeBytesRemaining
                0x20008c6c        0x4 ./freertos/portable/heap_4.o
 .bss.xMinimumEverFreeBytesRemaining
                0x20008c70        0x4 ./freertos/portable/heap_4.o
 .bss.xBlockAllocatedBit
                0x20008c74        0x4 ./freertos/portable/heap_4.o
 .bss.ucMaxSysCallPriority
                0x20008c78        0x1 ./freertos/portable/port.o
 *fill*         0x20008c79        0x3 
 .bss.ulMaxPRIGROUPValue
                0x20008c7c        0x4 ./freertos/portable/port.o
 .bss.g_xtal0Freq
                0x20008c80        0x4 ./drivers/fsl_clock.o
                0x20008c80                g_xtal0Freq
 .bss.g_xtal32Freq
                0x20008c84        0x4 ./drivers/fsl_clock.o
                0x20008c84                g_xtal32Freq
 .bss.s_uartHandle
                0x20008c88       0x18 ./drivers/fsl_uart.o
 .bss.s_uartIsr
                0x20008ca0        0x4 ./drivers/fsl_uart.o
 .bss.__Ciob    0x20008ca4       0xb4 c:/nxp/mcuxpressoide_10.1.1_606/ide/tools/bin/../lib/gcc/arm-none-eabi/6.3.1/../../../../arm-none-eabi/lib/thumb/v7e-m/fpv4-sp/hard\libcr_semihost_nf.a(__ciob.o)
                0x20008ca4                __Ciob
 .bss.__end_of_heap
                0x20008d58        0x4 c:/nxp/mcuxpressoide_10.1.1_606/ide/tools/bin/../lib/gcc/arm-none-eabi/6.3.1/../../../../arm-none-eabi/lib/thumb/v7e-m/fpv4-sp/hard\libcr_c.a(__init_alloc.o)
                0x20008d58                __end_of_heap
 .bss.__heaps   0x20008d5c        0x4 c:/nxp/mcuxpressoide_10.1.1_606/ide/tools/bin/../lib/gcc/arm-none-eabi/6.3.1/../../../../arm-none-eabi/lib/thumb/v7e-m/fpv4-sp/hard\libcr_c.a(__init_alloc.o)
                0x20008d5c                __heaps
 .bss.errno     0x20008d60        0x4 c:/nxp/mcuxpressoide_10.1.1_606/ide/tools/bin/../lib/gcc/arm-none-eabi/6.3.1/../../../../arm-none-eabi/lib/thumb/v7e-m/fpv4-sp/hard\libcr_c.a(errno.o)
                0x20008d60                errno
 *(COMMON)
                0x20008d64                . = ALIGN (0x4)
                0x20008d64                _ebss = .
                [!provide]                PROVIDE (end, .)

.noinit_RAM2    0x1fff0000        0x0
 *(.noinit.$RAM2*)
 *(.noinit.$SRAM_LOWER*)
                0x1fff0000                . = ALIGN (0x4)

.noinit_RAM3    0x14000000        0x0
 *(.noinit.$RAM3*)
 *(.noinit.$FLEX_RAM*)
                0x14000000                . = ALIGN (0x4)

.noinit         0x20008d64        0x0
                0x20008d64                _noinit = .
 *(.noinit*)
                0x20008d64                . = ALIGN (0x4)
                0x20008d64                _end_noinit = .
                0x00000100                _HeapSize = 0x100

.heap           0x20008d64      0x100
                0x20008d64                _pvHeapStart = .
                0x20008e64                . = (. + _HeapSize)
 *fill*         0x20008d64      0x100 
                0x20008e64                . = ALIGN (0x4)
                0x20008e64                _pvHeapLimit = .
                0x00002000                _StackSize = 0x2000

.heap2stackfill
                0x20008e64     0x2000
                0x2000ae64                . = (. + _StackSize)
 *fill*         0x20008e64     0x2000 

.stack          0x2002e000        0x0
                0x2002e000                _vStackBase = .
                0x2002e000                . = ALIGN (0x4)
                0x20030000                _vStackTop = (. + _StackSize)
                0x00000000                _image_start = LOADADDR (.text)
                0x0000a904                _image_end = (LOADADDR (.data) + SIZEOF (.data))
                0x0000a904                _image_size = (_image_end - _image_start)
OUTPUT(frdmk64f_usb_examples_dev_composite_hid_mouse_hid_keyboard_freertos.axf elf32-littlearm)

.debug_info     0x00000000    0x15445
 .debug_info    0x00000000      0x2bf ./utilities/fsl_debug_console.o
 .debug_info    0x000002bf      0x81a ./utilities/fsl_io.o
 .debug_info    0x00000ad9      0x34a ./utilities/fsl_log.o
 .debug_info    0x00000e23     0x16dd ./usb/device/source/khci/usb_device_khci.o
 .debug_info    0x00002500     0x143f ./usb/device/source/usb_device_ch9.o
 .debug_info    0x0000393f     0x1184 ./usb/device/source/usb_device_dci.o
 .debug_info    0x00004ac3      0xe7c ./usb/device/class/hid/usb_device_hid.o
 .debug_info    0x0000593f      0xdc3 ./usb/device/class/usb_device_class.o
 .debug_info    0x00006702      0x8b3 ./startup/startup_mk64f12.o
 .debug_info    0x00006fb5     0x1688 ./sources/composite.o
 .debug_info    0x0000863d      0x7c8 ./sources/hid_keyboard.o
 .debug_info    0x00008e05      0x70c ./sources/hid_mouse.o
 .debug_info    0x00009511      0xfab ./sources/usb_device_descriptor.o
 .debug_info    0x0000a4bc       0x37 ./source/semihost_hardfault.o
 .debug_info    0x0000a4f3      0xa8d ./osa/usb_osa_freertos.o
 .debug_info    0x0000af80      0x2c7 ./freertos/source/list.o
 .debug_info    0x0000b247     0x1416 ./freertos/source/queue.o
 .debug_info    0x0000c65d     0x2055 ./freertos/source/tasks.o
 .debug_info    0x0000e6b2      0xd46 ./freertos/source/timers.o
 .debug_info    0x0000f3f8       0xe9 ./freertos/portable/fsl_tickless_systick.o
 .debug_info    0x0000f4e1      0x3ed ./freertos/portable/heap_4.o
 .debug_info    0x0000f8ce      0x507 ./freertos/portable/port.o
 .debug_info    0x0000fdd5     0x1e85 ./drivers/fsl_clock.o
 .debug_info    0x00011c5a     0x19d1 ./drivers/fsl_uart.o
 .debug_info    0x0001362b      0x70f ./board/board.o
 .debug_info    0x00013d3a      0xa97 ./board/clock_config.o
 .debug_info    0x000147d1      0x652 ./board/pin_mux.o
 .debug_info    0x00014e23      0x622 ./CMSIS/system_MK64F12.o

.debug_abbrev   0x00000000     0x3261
 .debug_abbrev  0x00000000      0x102 ./utilities/fsl_debug_console.o
 .debug_abbrev  0x00000102      0x21b ./utilities/fsl_io.o
 .debug_abbrev  0x0000031d      0x17b ./utilities/fsl_log.o
 .debug_abbrev  0x00000498      0x2d6 ./usb/device/source/khci/usb_device_khci.o
 .debug_abbrev  0x0000076e      0x1ed ./usb/device/source/usb_device_ch9.o
 .debug_abbrev  0x0000095b      0x1c6 ./usb/device/source/usb_device_dci.o
 .debug_abbrev  0x00000b21      0x1b7 ./usb/device/class/hid/usb_device_hid.o
 .debug_abbrev  0x00000cd8      0x1ae ./usb/device/class/usb_device_class.o
 .debug_abbrev  0x00000e86      0x159 ./startup/startup_mk64f12.o
 .debug_abbrev  0x00000fdf      0x2b3 ./sources/composite.o
 .debug_abbrev  0x00001292      0x16a ./sources/hid_keyboard.o
 .debug_abbrev  0x000013fc      0x15b ./sources/hid_mouse.o
 .debug_abbrev  0x00001557      0x172 ./sources/usb_device_descriptor.o
 .debug_abbrev  0x000016c9       0x2c ./source/semihost_hardfault.o
 .debug_abbrev  0x000016f5      0x229 ./osa/usb_osa_freertos.o
 .debug_abbrev  0x0000191e      0x10f ./freertos/source/list.o
 .debug_abbrev  0x00001a2d      0x250 ./freertos/source/queue.o
 .debug_abbrev  0x00001c7d      0x304 ./freertos/source/tasks.o
 .debug_abbrev  0x00001f81      0x216 ./freertos/source/timers.o
 .debug_abbrev  0x00002197       0x8f ./freertos/portable/fsl_tickless_systick.o
 .debug_abbrev  0x00002226      0x1e5 ./freertos/portable/heap_4.o
 .debug_abbrev  0x0000240b      0x249 ./freertos/portable/port.o
 .debug_abbrev  0x00002654      0x302 ./drivers/fsl_clock.o
 .debug_abbrev  0x00002956      0x2fc ./drivers/fsl_uart.o
 .debug_abbrev  0x00002c52      0x157 ./board/board.o
 .debug_abbrev  0x00002da9      0x1ed ./board/clock_config.o
 .debug_abbrev  0x00002f96      0x192 ./board/pin_mux.o
 .debug_abbrev  0x00003128      0x139 ./CMSIS/system_MK64F12.o

.debug_aranges  0x00000000     0x1208
 .debug_aranges
                0x00000000       0x30 ./utilities/fsl_debug_console.o
 .debug_aranges
                0x00000030       0x48 ./utilities/fsl_io.o
 .debug_aranges
                0x00000078       0x58 ./utilities/fsl_log.o
 .debug_aranges
                0x000000d0       0xa0 ./usb/device/source/khci/usb_device_khci.o
 .debug_aranges
                0x00000170       0x78 ./usb/device/source/usb_device_ch9.o
 .debug_aranges
                0x000001e8       0xc8 ./usb/device/source/usb_device_dci.o
 .debug_aranges
                0x000002b0       0x70 ./usb/device/class/hid/usb_device_hid.o
 .debug_aranges
                0x00000320       0x68 ./usb/device/class/usb_device_class.o
 .debug_aranges
                0x00000388      0x330 ./startup/startup_mk64f12.o
 .debug_aranges
                0x000006b8       0x70 ./sources/composite.o
 .debug_aranges
                0x00000728       0x40 ./sources/hid_keyboard.o
 .debug_aranges
                0x00000768       0x40 ./sources/hid_mouse.o
 .debug_aranges
                0x000007a8       0x50 ./sources/usb_device_descriptor.o
 .debug_aranges
                0x000007f8       0x20 ./source/semihost_hardfault.o
 .debug_aranges
                0x00000818       0xd0 ./osa/usb_osa_freertos.o
 .debug_aranges
                0x000008e8       0x40 ./freertos/source/list.o
 .debug_aranges
                0x00000928      0x118 ./freertos/source/queue.o
 .debug_aranges
                0x00000a40      0x1f8 ./freertos/source/tasks.o
 .debug_aranges
                0x00000c38       0xc8 ./freertos/source/timers.o
 .debug_aranges
                0x00000d00       0x20 ./freertos/portable/fsl_tickless_systick.o
 .debug_aranges
                0x00000d20       0x50 ./freertos/portable/heap_4.o
 .debug_aranges
                0x00000d70       0x78 ./freertos/portable/port.o
 .debug_aranges
                0x00000de8      0x1e8 ./drivers/fsl_clock.o
 .debug_aranges
                0x00000fd0      0x170 ./drivers/fsl_uart.o
 .debug_aranges
                0x00001140       0x20 ./board/board.o
 .debug_aranges
                0x00001160       0x50 ./board/clock_config.o
 .debug_aranges
                0x000011b0       0x30 ./board/pin_mux.o
 .debug_aranges
                0x000011e0       0x28 ./CMSIS/system_MK64F12.o

.debug_ranges   0x00000000     0x1078
 .debug_ranges  0x00000000       0x20 ./utilities/fsl_debug_console.o
 .debug_ranges  0x00000020       0x38 ./utilities/fsl_io.o
 .debug_ranges  0x00000058       0x48 ./utilities/fsl_log.o
 .debug_ranges  0x000000a0       0x90 ./usb/device/source/khci/usb_device_khci.o
 .debug_ranges  0x00000130       0x68 ./usb/device/source/usb_device_ch9.o
 .debug_ranges  0x00000198       0xb8 ./usb/device/source/usb_device_dci.o
 .debug_ranges  0x00000250       0x78 ./usb/device/class/hid/usb_device_hid.o
 .debug_ranges  0x000002c8       0x58 ./usb/device/class/usb_device_class.o
 .debug_ranges  0x00000320      0x320 ./startup/startup_mk64f12.o
 .debug_ranges  0x00000640       0x78 ./sources/composite.o
 .debug_ranges  0x000006b8       0x30 ./sources/hid_keyboard.o
 .debug_ranges  0x000006e8       0x30 ./sources/hid_mouse.o
 .debug_ranges  0x00000718       0x40 ./sources/usb_device_descriptor.o
 .debug_ranges  0x00000758       0x10 ./source/semihost_hardfault.o
 .debug_ranges  0x00000768       0xc0 ./osa/usb_osa_freertos.o
 .debug_ranges  0x00000828       0x30 ./freertos/source/list.o
 .debug_ranges  0x00000858      0x108 ./freertos/source/queue.o
 .debug_ranges  0x00000960      0x1e8 ./freertos/source/tasks.o
 .debug_ranges  0x00000b48       0xb8 ./freertos/source/timers.o
 .debug_ranges  0x00000c00       0x10 ./freertos/portable/fsl_tickless_systick.o
 .debug_ranges  0x00000c10       0x40 ./freertos/portable/heap_4.o
 .debug_ranges  0x00000c50       0x68 ./freertos/portable/port.o
 .debug_ranges  0x00000cb8      0x1d8 ./drivers/fsl_clock.o
 .debug_ranges  0x00000e90      0x160 ./drivers/fsl_uart.o
 .debug_ranges  0x00000ff0       0x10 ./board/board.o
 .debug_ranges  0x00001000       0x40 ./board/clock_config.o
 .debug_ranges  0x00001040       0x20 ./board/pin_mux.o
 .debug_ranges  0x00001060       0x18 ./CMSIS/system_MK64F12.o

.debug_line     0x00000000     0x8ba6
 .debug_line    0x00000000      0x235 ./utilities/fsl_debug_console.o
 .debug_line    0x00000235      0x2c5 ./utilities/fsl_io.o
 .debug_line    0x000004fa      0x2d1 ./utilities/fsl_log.o
 .debug_line    0x000007cb      0x792 ./usb/device/source/khci/usb_device_khci.o
 .debug_line    0x00000f5d      0x638 ./usb/device/source/usb_device_ch9.o
 .debug_line    0x00001595      0x60e ./usb/device/source/usb_device_dci.o
 .debug_line    0x00001ba3      0x5e6 ./usb/device/class/hid/usb_device_hid.o
 .debug_line    0x00002189      0x529 ./usb/device/class/usb_device_class.o
 .debug_line    0x000026b2      0x67e ./startup/startup_mk64f12.o
 .debug_line    0x00002d30      0x68e ./sources/composite.o
 .debug_line    0x000033be      0x530 ./sources/hid_keyboard.o
 .debug_line    0x000038ee      0x423 ./sources/hid_mouse.o
 .debug_line    0x00003d11      0x3d3 ./sources/usb_device_descriptor.o
 .debug_line    0x000040e4       0x54 ./source/semihost_hardfault.o
 .debug_line    0x00004138      0x657 ./osa/usb_osa_freertos.o
 .debug_line    0x0000478f      0x257 ./freertos/source/list.o
 .debug_line    0x000049e6      0x9cd ./freertos/source/queue.o
 .debug_line    0x000053b3      0xf06 ./freertos/source/tasks.o
 .debug_line    0x000062b9      0x5a4 ./freertos/source/timers.o
 .debug_line    0x0000685d      0x17b ./freertos/portable/fsl_tickless_systick.o
 .debug_line    0x000069d8      0x2a4 ./freertos/portable/heap_4.o
 .debug_line    0x00006c7c      0x3be ./freertos/portable/port.o
 .debug_line    0x0000703a      0x984 ./drivers/fsl_clock.o
 .debug_line    0x000079be      0x999 ./drivers/fsl_uart.o
 .debug_line    0x00008357      0x207 ./board/board.o
 .debug_line    0x0000855e      0x2aa ./board/clock_config.o
 .debug_line    0x00008808      0x228 ./board/pin_mux.o
 .debug_line    0x00008a30      0x176 ./CMSIS/system_MK64F12.o

.debug_str      0x00000000     0x93e1
 .debug_str     0x00000000      0x3c7 ./utilities/fsl_debug_console.o
                                0x418 (size before relaxing)
 .debug_str     0x000003c7      0x9d0 ./utilities/fsl_io.o
                                0xcfa (size before relaxing)
 .debug_str     0x00000d97       0x85 ./utilities/fsl_log.o
                                0x3e5 (size before relaxing)
 .debug_str     0x00000e1c     0x12cd ./usb/device/source/khci/usb_device_khci.o
                               0x1b5f (size before relaxing)
 .debug_str     0x000020e9     0x10d3 ./usb/device/source/usb_device_ch9.o
                               0x1e39 (size before relaxing)
 .debug_str     0x000031bc      0x25d ./usb/device/source/usb_device_dci.o
                               0x1a59 (size before relaxing)
 .debug_str     0x00003419      0x385 ./usb/device/class/hid/usb_device_hid.o
                               0x14dc (size before relaxing)
 .debug_str     0x0000379e      0x27f ./usb/device/class/usb_device_class.o
                               0x170a (size before relaxing)
 .debug_str     0x00003a1d      0x7ed ./startup/startup_mk64f12.o
                                0x963 (size before relaxing)
 .debug_str     0x0000420a      0xbb8 ./sources/composite.o
                               0x21f6 (size before relaxing)
 .debug_str     0x00004dc2      0x1b7 ./sources/hid_keyboard.o